Archive member included to satisfy reference by file (symbol)

e:/ac6/systemworkbench/plugins/fr.ac6.mcu.externaltools.arm-none.win32_1.16.0.201807130628/tools/compiler/bin/../lib/gcc/arm-none-eabi/7.2.1/thumb/v6-m\libgcc.a(_udivsi3.o)
                              App/App.o (__aeabi_uidiv)
e:/ac6/systemworkbench/plugins/fr.ac6.mcu.externaltools.arm-none.win32_1.16.0.201807130628/tools/compiler/bin/../lib/gcc/arm-none-eabi/7.2.1/thumb/v6-m\libgcc.a(_dvmd_tls.o)
                              e:/ac6/systemworkbench/plugins/fr.ac6.mcu.externaltools.arm-none.win32_1.16.0.201807130628/tools/compiler/bin/../lib/gcc/arm-none-eabi/7.2.1/thumb/v6-m\libgcc.a(_udivsi3.o) (__aeabi_idiv0)
e:/ac6/systemworkbench/plugins/fr.ac6.mcu.externaltools.arm-none.win32_1.16.0.201807130628/tools/compiler/bin/../lib/gcc/arm-none-eabi/7.2.1/../../../../arm-none-eabi/lib/thumb/v6-m\libc_nano.a(lib_a-exit.o)
                              e:/ac6/systemworkbench/plugins/fr.ac6.mcu.externaltools.arm-none.win32_1.16.0.201807130628/tools/compiler/bin/../lib/gcc/arm-none-eabi/7.2.1/../../../../arm-none-eabi/lib/thumb/v6-m/crt0.o (exit)
e:/ac6/systemworkbench/plugins/fr.ac6.mcu.externaltools.arm-none.win32_1.16.0.201807130628/tools/compiler/bin/../lib/gcc/arm-none-eabi/7.2.1/../../../../arm-none-eabi/lib/thumb/v6-m\libc_nano.a(lib_a-impure.o)
                              e:/ac6/systemworkbench/plugins/fr.ac6.mcu.externaltools.arm-none.win32_1.16.0.201807130628/tools/compiler/bin/../lib/gcc/arm-none-eabi/7.2.1/../../../../arm-none-eabi/lib/thumb/v6-m\libc_nano.a(lib_a-exit.o) (_global_impure_ptr)
e:/ac6/systemworkbench/plugins/fr.ac6.mcu.externaltools.arm-none.win32_1.16.0.201807130628/tools/compiler/bin/../lib/gcc/arm-none-eabi/7.2.1/../../../../arm-none-eabi/lib/thumb/v6-m\libc_nano.a(lib_a-init.o)
                              e:/ac6/systemworkbench/plugins/fr.ac6.mcu.externaltools.arm-none.win32_1.16.0.201807130628/tools/compiler/bin/../lib/gcc/arm-none-eabi/7.2.1/../../../../arm-none-eabi/lib/thumb/v6-m/crt0.o (__libc_init_array)
e:/ac6/systemworkbench/plugins/fr.ac6.mcu.externaltools.arm-none.win32_1.16.0.201807130628/tools/compiler/bin/../lib/gcc/arm-none-eabi/7.2.1/../../../../arm-none-eabi/lib/thumb/v6-m\libc_nano.a(lib_a-memset.o)
                              e:/ac6/systemworkbench/plugins/fr.ac6.mcu.externaltools.arm-none.win32_1.16.0.201807130628/tools/compiler/bin/../lib/gcc/arm-none-eabi/7.2.1/../../../../arm-none-eabi/lib/thumb/v6-m/crt0.o (memset)
e:/ac6/systemworkbench/plugins/fr.ac6.mcu.externaltools.arm-none.win32_1.16.0.201807130628/tools/compiler/bin/../lib/gcc/arm-none-eabi/7.2.1/../../../../arm-none-eabi/lib/thumb/v6-m\libc_nano.a(lib_a-sprintf.o)
                              Radio/nRF905/Src/nRF905_debug.o (sprintf)
e:/ac6/systemworkbench/plugins/fr.ac6.mcu.externaltools.arm-none.win32_1.16.0.201807130628/tools/compiler/bin/../lib/gcc/arm-none-eabi/7.2.1/../../../../arm-none-eabi/lib/thumb/v6-m\libc_nano.a(lib_a-vsnprintf.o)
                              System/System.o (vsnprintf)
e:/ac6/systemworkbench/plugins/fr.ac6.mcu.externaltools.arm-none.win32_1.16.0.201807130628/tools/compiler/bin/../lib/gcc/arm-none-eabi/7.2.1/../../../../arm-none-eabi/lib/thumb/v6-m\libc_nano.a(lib_a-nano-svfprintf.o)
                              e:/ac6/systemworkbench/plugins/fr.ac6.mcu.externaltools.arm-none.win32_1.16.0.201807130628/tools/compiler/bin/../lib/gcc/arm-none-eabi/7.2.1/../../../../arm-none-eabi/lib/thumb/v6-m\libc_nano.a(lib_a-sprintf.o) (_svfprintf_r)
e:/ac6/systemworkbench/plugins/fr.ac6.mcu.externaltools.arm-none.win32_1.16.0.201807130628/tools/compiler/bin/../lib/gcc/arm-none-eabi/7.2.1/../../../../arm-none-eabi/lib/thumb/v6-m\libc_nano.a(lib_a-nano-vfprintf_i.o)
                              e:/ac6/systemworkbench/plugins/fr.ac6.mcu.externaltools.arm-none.win32_1.16.0.201807130628/tools/compiler/bin/../lib/gcc/arm-none-eabi/7.2.1/../../../../arm-none-eabi/lib/thumb/v6-m\libc_nano.a(lib_a-nano-svfprintf.o) (_printf_i)
e:/ac6/systemworkbench/plugins/fr.ac6.mcu.externaltools.arm-none.win32_1.16.0.201807130628/tools/compiler/bin/../lib/gcc/arm-none-eabi/7.2.1/../../../../arm-none-eabi/lib/thumb/v6-m\libc_nano.a(lib_a-memchr-stub.o)
                              e:/ac6/systemworkbench/plugins/fr.ac6.mcu.externaltools.arm-none.win32_1.16.0.201807130628/tools/compiler/bin/../lib/gcc/arm-none-eabi/7.2.1/../../../../arm-none-eabi/lib/thumb/v6-m\libc_nano.a(lib_a-nano-svfprintf.o) (memchr)
e:/ac6/systemworkbench/plugins/fr.ac6.mcu.externaltools.arm-none.win32_1.16.0.201807130628/tools/compiler/bin/../lib/gcc/arm-none-eabi/7.2.1/../../../../arm-none-eabi/lib/thumb/v6-m\libc_nano.a(lib_a-memcpy-stub.o)
                              e:/ac6/systemworkbench/plugins/fr.ac6.mcu.externaltools.arm-none.win32_1.16.0.201807130628/tools/compiler/bin/../lib/gcc/arm-none-eabi/7.2.1/../../../../arm-none-eabi/lib/thumb/v6-m\libc_nano.a(lib_a-nano-svfprintf.o) (memcpy)
[...]
Memory Configuration

Name             Origin             Length             Attributes
RAM              0x20000000         0x00001000         xrw
FLASH            0x08000000         0x00004000         xr
*default*        0x00000000         0xffffffff

Linker script and memory map

LOAD e:/ac6/systemworkbench/plugins/fr.ac6.mcu.externaltools.arm-none.win32_1.16.0.201807130628/tools/compiler/bin/../lib/gcc/arm-none-eabi/7.2.1/thumb/v6-m/crti.o
LOAD e:/ac6/systemworkbench/plugins/fr.ac6.mcu.externaltools.arm-none.win32_1.16.0.201807130628/tools/compiler/bin/../lib/gcc/arm-none-eabi/7.2.1/thumb/v6-m/crtbegin.o
LOAD e:/ac6/systemworkbench/plugins/fr.ac6.mcu.externaltools.arm-none.win32_1.16.0.201807130628/tools/compiler/bin/../lib/gcc/arm-none-eabi/7.2.1/../../../../arm-none-eabi/lib/thumb/v6-m/crt0.o
LOAD App/App.o
LOAD Drivers/STM32F0xx_HAL_Driver/Src/stm32f0xx_hal.o
LOAD Drivers/STM32F0xx_HAL_Driver/Src/stm32f0xx_hal_adc.o
LOAD Drivers/STM32F0xx_HAL_Driver/Src/stm32f0xx_hal_adc_ex.o
LOAD Drivers/STM32F0xx_HAL_Driver/Src/stm32f0xx_hal_cortex.o
LOAD Drivers/STM32F0xx_HAL_Driver/Src/stm32f0xx_hal_dma.o
LOAD Drivers/STM32F0xx_HAL_Driver/Src/stm32f0xx_hal_flash.o
LOAD Drivers/STM32F0xx_HAL_Driver/Src/stm32f0xx_hal_flash_ex.o
LOAD Drivers/STM32F0xx_HAL_Driver/Src/stm32f0xx_hal_gpio.o
LOAD Drivers/STM32F0xx_HAL_Driver/Src/stm32f0xx_hal_i2c.o
LOAD Drivers/STM32F0xx_HAL_Driver/Src/stm32f0xx_hal_i2c_ex.o
LOAD Drivers/STM32F0xx_HAL_Driver/Src/stm32f0xx_hal_pwr.o
LOAD Drivers/STM32F0xx_HAL_Driver/Src/stm32f0xx_hal_pwr_ex.o
LOAD Drivers/STM32F0xx_HAL_Driver/Src/stm32f0xx_hal_rcc.o
LOAD Drivers/STM32F0xx_HAL_Driver/Src/stm32f0xx_hal_rcc_ex.o
LOAD Drivers/STM32F0xx_HAL_Driver/Src/stm32f0xx_hal_spi.o
LOAD Drivers/STM32F0xx_HAL_Driver/Src/stm32f0xx_hal_spi_ex.o
LOAD Drivers/STM32F0xx_HAL_Driver/Src/stm32f0xx_hal_tim.o
LOAD Drivers/STM32F0xx_HAL_Driver/Src/stm32f0xx_hal_tim_ex.o
LOAD Drivers/STM32F0xx_HAL_Driver/Src/stm32f0xx_hal_uart.o
LOAD Drivers/STM32F0xx_HAL_Driver/Src/stm32f0xx_hal_uart_ex.o
LOAD Radio/nRF905/Src/nRF905.o
LOAD Radio/nRF905/Src/nRF905_debug.o
LOAD Src/adc.o
LOAD Src/gpio.o
LOAD Src/main.o
LOAD Src/spi.o
LOAD Src/stm32f0xx_hal_msp.o
LOAD Src/stm32f0xx_hal_timebase_TIM.o
LOAD Src/stm32f0xx_it.o
LOAD Src/system_stm32f0xx.o
LOAD Src/usart.o
LOAD System/System.o
LOAD startup/startup_stm32f030x6.o
LOAD e:/ac6/systemworkbench/plugins/fr.ac6.mcu.externaltools.arm-none.win32_1.16.0.201807130628/tools/compiler/bin/../lib/gcc/arm-none-eabi/7.2.1/../../../../arm-none-eabi/lib/thumb/v6-m\libstdc++_nano.a
LOAD e:/ac6/systemworkbench/plugins/fr.ac6.mcu.externaltools.arm-none.win32_1.16.0.201807130628/tools/compiler/bin/../lib/gcc/arm-none-eabi/7.2.1/../../../../arm-none-eabi/lib/thumb/v6-m\libm.a
START GROUP
LOAD e:/ac6/systemworkbench/plugins/fr.ac6.mcu.externaltools.arm-none.win32_1.16.0.201807130628/tools/compiler/bin/../lib/gcc/arm-none-eabi/7.2.1/thumb/v6-m\libgcc.a
LOAD e:/ac6/systemworkbench/plugins/fr.ac6.mcu.externaltools.arm-none.win32_1.16.0.201807130628/tools/compiler/bin/../lib/gcc/arm-none-eabi/7.2.1/../../../../arm-none-eabi/lib/thumb/v6-m\libc_nano.a
END GROUP
START GROUP
LOAD e:/ac6/systemworkbench/plugins/fr.ac6.mcu.externaltools.arm-none.win32_1.16.0.201807130628/tools/compiler/bin/../lib/gcc/arm-none-eabi/7.2.1/thumb/v6-m\libgcc.a
LOAD e:/ac6/systemworkbench/plugins/fr.ac6.mcu.externaltools.arm-none.win32_1.16.0.201807130628/tools/compiler/bin/../lib/gcc/arm-none-eabi/7.2.1/../../../../arm-none-eabi/lib/thumb/v6-m\libc_nano.a
LOAD e:/ac6/systemworkbench/plugins/fr.ac6.mcu.externaltools.arm-none.win32_1.16.0.201807130628/tools/compiler/bin/../lib/gcc/arm-none-eabi/7.2.1/../../../../arm-none-eabi/lib/thumb/v6-m\libnosys.a
END GROUP
START GROUP
LOAD e:/ac6/systemworkbench/plugins/fr.ac6.mcu.externaltools.arm-none.win32_1.16.0.201807130628/tools/compiler/bin/../lib/gcc/arm-none-eabi/7.2.1/thumb/v6-m\libgcc.a
LOAD e:/ac6/systemworkbench/plugins/fr.ac6.mcu.externaltools.arm-none.win32_1.16.0.201807130628/tools/compiler/bin/../lib/gcc/arm-none-eabi/7.2.1/../../../../arm-none-eabi/lib/thumb/v6-m\libc_nano.a
LOAD e:/ac6/systemworkbench/plugins/fr.ac6.mcu.externaltools.arm-none.win32_1.16.0.201807130628/tools/compiler/bin/../lib/gcc/arm-none-eabi/7.2.1/../../../../arm-none-eabi/lib/thumb/v6-m\libnosys.a
END GROUP
LOAD e:/ac6/systemworkbench/plugins/fr.ac6.mcu.externaltools.arm-none.win32_1.16.0.201807130628/tools/compiler/bin/../lib/gcc/arm-none-eabi/7.2.1/thumb/v6-m/crtend.o
LOAD e:/ac6/systemworkbench/plugins/fr.ac6.mcu.externaltools.arm-none.win32_1.16.0.201807130628/tools/compiler/bin/../lib/gcc/arm-none-eabi/7.2.1/thumb/v6-m/crtn.o
                0x20001000                _estack = 0x20001000
                0x00000200                _Min_Heap_Size = 0x200
                0x00000400                _Min_Stack_Size = 0x400

.isr_vector     0x08000000       0xc0
                0x08000000                . = ALIGN (0x4)
 *(.isr_vector)
 .isr_vector    0x08000000       0xc0 startup/startup_stm32f030x6.o
                0x08000000                g_pfnVectors
                0x080000c0                . = ALIGN (0x4)

.text           0x080000c0     0x3824
                0x080000c0                . = ALIGN (0x4)
 *(.text)
 .text          0x080000c0       0x48 e:/ac6/systemworkbench/plugins/fr.ac6.mcu.externaltools.arm-none.win32_1.16.0.201807130628/tools/compiler/bin/../lib/gcc/arm-none-eabi/7.2.1/thumb/v6-m/crtbegin.o
 .text          0x08000108      0x114 e:/ac6/systemworkbench/plugins/fr.ac6.mcu.externaltools.arm-none.win32_1.16.0.201807130628/tools/compiler/bin/../lib/gcc/arm-none-eabi/7.2.1/thumb/v6-m\libgcc.a(_udivsi3.o)
                0x08000108                __aeabi_uidiv
                0x08000108                __udivsi3
                0x08000214                __aeabi_uidivmod
 .text          0x0800021c        0x4 e:/ac6/systemworkbench/plugins/fr.ac6.mcu.externaltools.arm-none.win32_1.16.0.201807130628/tools/compiler/bin/../lib/gcc/arm-none-eabi/7.2.1/thumb/v6-m\libgcc.a(_dvmd_tls.o)
                0x0800021c                __aeabi_idiv0
                0x0800021c                __aeabi_ldiv0
 *(.text*)
 .text._Z41__static_initialization_and_destruction_0ii
                0x08000220       0x30 App/App.o
 .text._Z11get_buttonsv
                0x08000250       0x40 App/App.o
                0x08000250                get_buttons()
 .text.App_Start
                0x08000290      0x1c0 App/App.o
                0x08000290                App_Start
 .text._GLOBAL__sub_I_device
                0x08000450       0x10 App/App.o
 .text.HAL_Init
                0x08000460       0x20 Drivers/STM32F0xx_HAL_Driver/Src/stm32f0xx_hal.o
                0x08000460                HAL_Init
 .text.HAL_IncTick
                0x08000480       0x10 Drivers/STM32F0xx_HAL_Driver/Src/stm32f0xx_hal.o
                0x08000480                HAL_IncTick
 .text.HAL_GetTick
                0x08000490        0xc Drivers/STM32F0xx_HAL_Driver/Src/stm32f0xx_hal.o
                0x08000490                HAL_GetTick
 .text.HAL_Delay
                0x0800049c       0x22 Drivers/STM32F0xx_HAL_Driver/Src/stm32f0xx_hal.o
                0x0800049c                HAL_Delay
 .text.ADC_ConversionStop
                0x080004be       0x54 Drivers/STM32F0xx_HAL_Driver/Src/stm32f0xx_hal_adc.o
 .text.ADC_Disable
                0x08000512       0x80 Drivers/STM32F0xx_HAL_Driver/Src/stm32f0xx_hal_adc.o
 *fill*         0x08000592        0x2 
 .text.ADC_Enable
                0x08000594       0xa8 Drivers/STM32F0xx_HAL_Driver/Src/stm32f0xx_hal_adc.o
 .text.HAL_ADC_Init
                0x0800063c      0x17c Drivers/STM32F0xx_HAL_Driver/Src/stm32f0xx_hal_adc.o
                0x0800063c                HAL_ADC_Init
 .text.HAL_ADC_DeInit
                0x080007b8       0xa4 Drivers/STM32F0xx_HAL_Driver/Src/stm32f0xx_hal_adc.o
                0x080007b8                HAL_ADC_DeInit
 .text.HAL_ADC_Start
                0x0800085c       0x60 Drivers/STM32F0xx_HAL_Driver/Src/stm32f0xx_hal_adc.o
                0x0800085c                HAL_ADC_Start
 .text.HAL_ADC_Stop
                0x080008bc       0x44 Drivers/STM32F0xx_HAL_Driver/Src/stm32f0xx_hal_adc.o
                0x080008bc                HAL_ADC_Stop
 .text.HAL_ADC_PollForConversion
                0x08000900       0xc0 Drivers/STM32F0xx_HAL_Driver/Src/stm32f0xx_hal_adc.o
                0x08000900                HAL_ADC_PollForConversion
 .text.HAL_ADC_GetValue
                0x080009c0        0x6 Drivers/STM32F0xx_HAL_Driver/Src/stm32f0xx_hal_adc.o
                0x080009c0                HAL_ADC_GetValue
 *fill*         0x080009c6        0x2 
 .text.HAL_ADC_ConfigChannel
                0x080009c8      0x134 Drivers/STM32F0xx_HAL_Driver/Src/stm32f0xx_hal_adc.o
                0x080009c8                HAL_ADC_ConfigChannel
 .text.HAL_ADC_GetState
                0x08000afc        0x4 Drivers/STM32F0xx_HAL_Driver/Src/stm32f0xx_hal_adc.o
                0x08000afc                HAL_ADC_GetState
 .text.HAL_NVIC_SetPriority
                0x08000b00       0x60 Drivers/STM32F0xx_HAL_Driver/Src/stm32f0xx_hal_cortex.o
                0x08000b00                HAL_NVIC_SetPriority
 .text.HAL_NVIC_EnableIRQ
                0x08000b60       0x14 Drivers/STM32F0xx_HAL_Driver/Src/stm32f0xx_hal_cortex.o
                0x08000b60                HAL_NVIC_EnableIRQ
 .text.HAL_SYSTICK_Config
                0x08000b74       0x38 Drivers/STM32F0xx_HAL_Driver/Src/stm32f0xx_hal_cortex.o
                0x08000b74                HAL_SYSTICK_Config
 .text.HAL_SYSTICK_CLKSourceConfig
                0x08000bac       0x20 Drivers/STM32F0xx_HAL_Driver/Src/stm32f0xx_hal_cortex.o
                0x08000bac                HAL_SYSTICK_CLKSourceConfig
 .text.HAL_SYSTICK_Callback
                0x08000bcc        0x2 Drivers/STM32F0xx_HAL_Driver/Src/stm32f0xx_hal_cortex.o
                0x08000bcc                HAL_SYSTICK_Callback
 .text.HAL_SYSTICK_IRQHandler
                0x08000bce        0x8 Drivers/STM32F0xx_HAL_Driver/Src/stm32f0xx_hal_cortex.o
                0x08000bce                HAL_SYSTICK_IRQHandler
 *fill*         0x08000bd6        0x2 
 .text.HAL_GPIO_Init
                0x08000bd8      0x18c Drivers/STM32F0xx_HAL_Driver/Src/stm32f0xx_hal_gpio.o
                0x08000bd8                HAL_GPIO_Init
 .text.HAL_GPIO_DeInit
                0x08000d64       0xfc Drivers/STM32F0xx_HAL_Driver/Src/stm32f0xx_hal_gpio.o
                0x08000d64                HAL_GPIO_DeInit
 .text.HAL_GPIO_ReadPin
                0x08000e60        0xe Drivers/STM32F0xx_HAL_Driver/Src/stm32f0xx_hal_gpio.o
                0x08000e60                HAL_GPIO_ReadPin
 .text.HAL_GPIO_WritePin
                0x08000e6e        0xc Drivers/STM32F0xx_HAL_Driver/Src/stm32f0xx_hal_gpio.o
                0x08000e6e                HAL_GPIO_WritePin
 .text.HAL_GPIO_EXTI_Callback
                0x08000e7a        0x2 Drivers/STM32F0xx_HAL_Driver/Src/stm32f0xx_hal_gpio.o
                0x08000e7a                HAL_GPIO_EXTI_Callback
 .text.HAL_GPIO_EXTI_IRQHandler
                0x08000e7c       0x1c Drivers/STM32F0xx_HAL_Driver/Src/stm32f0xx_hal_gpio.o
                0x08000e7c                HAL_GPIO_EXTI_IRQHandler
 .text.HAL_PWR_EnterSTOPMode
                0x08000e98       0x3c Drivers/STM32F0xx_HAL_Driver/Src/stm32f0xx_hal_pwr.o
                0x08000e98                HAL_PWR_EnterSTOPMode
 .text.HAL_RCC_OscConfig
                0x08000ed4      0x454 Drivers/STM32F0xx_HAL_Driver/Src/stm32f0xx_hal_rcc.o
                0x08000ed4                HAL_RCC_OscConfig
 .text.HAL_RCC_GetSysClockFreq
                0x08001328       0x70 Drivers/STM32F0xx_HAL_Driver/Src/stm32f0xx_hal_rcc.o
                0x08001328                HAL_RCC_GetSysClockFreq
 .text.HAL_RCC_ClockConfig
                0x08001398      0x154 Drivers/STM32F0xx_HAL_Driver/Src/stm32f0xx_hal_rcc.o
                0x08001398                HAL_RCC_ClockConfig
 .text.HAL_RCC_GetHCLKFreq
                0x080014ec        0xc Drivers/STM32F0xx_HAL_Driver/Src/stm32f0xx_hal_rcc.o
                0x080014ec                HAL_RCC_GetHCLKFreq
 .text.HAL_RCC_GetPCLK1Freq
                0x080014f8       0x20 Drivers/STM32F0xx_HAL_Driver/Src/stm32f0xx_hal_rcc.o
                0x080014f8                HAL_RCC_GetPCLK1Freq
 .text.HAL_RCC_GetClockConfig
                0x08001518       0x38 Drivers/STM32F0xx_HAL_Driver/Src/stm32f0xx_hal_rcc.o
                0x08001518                HAL_RCC_GetClockConfig
 .text.HAL_RCCEx_PeriphCLKConfig
                0x08001550      0x118 Drivers/STM32F0xx_HAL_Driver/Src/stm32f0xx_hal_rcc_ex.o
                0x08001550                HAL_RCCEx_PeriphCLKConfig
 .text.SPI_WaitFlagStateUntilTimeout
                0x08001668       0xa0 Drivers/STM32F0xx_HAL_Driver/Src/stm32f0xx_hal_spi.o
 .text.SPI_WaitFifoStateUntilTimeout
                0x08001708       0xb4 Drivers/STM32F0xx_HAL_Driver/Src/stm32f0xx_hal_spi.o
 .text.SPI_EndRxTxTransaction
                0x080017bc       0x68 Drivers/STM32F0xx_HAL_Driver/Src/stm32f0xx_hal_spi.o
 .text.HAL_SPI_Init
                0x08001824       0xcc Drivers/STM32F0xx_HAL_Driver/Src/stm32f0xx_hal_spi.o
                0x08001824                HAL_SPI_Init
 .text.HAL_SPI_DeInit
                0x080018f0       0x2c Drivers/STM32F0xx_HAL_Driver/Src/stm32f0xx_hal_spi.o
                0x080018f0                HAL_SPI_DeInit
 .text.HAL_SPI_Transmit
                0x0800191c      0x1c4 Drivers/STM32F0xx_HAL_Driver/Src/stm32f0xx_hal_spi.o
                0x0800191c                HAL_SPI_Transmit
 .text.HAL_SPI_TransmitReceive
                0x08001ae0      0x2a4 Drivers/STM32F0xx_HAL_Driver/Src/stm32f0xx_hal_spi.o
                0x08001ae0                HAL_SPI_TransmitReceive
 .text.HAL_TIM_Base_MspInit
                0x08001d84        0x2 Drivers/STM32F0xx_HAL_Driver/Src/stm32f0xx_hal_tim.o
                0x08001d84                HAL_TIM_Base_MspInit
 .text.HAL_TIM_Base_Start_IT
                0x08001d86       0x16 Drivers/STM32F0xx_HAL_Driver/Src/stm32f0xx_hal_tim.o
                0x08001d86                HAL_TIM_Base_Start_IT
 .text.HAL_TIM_OC_DelayElapsedCallback
                0x08001d9c        0x2 Drivers/STM32F0xx_HAL_Driver/Src/stm32f0xx_hal_tim.o
                0x08001d9c                HAL_TIM_OC_DelayElapsedCallback
 .text.HAL_TIM_IC_CaptureCallback
                0x08001d9e        0x2 Drivers/STM32F0xx_HAL_Driver/Src/stm32f0xx_hal_tim.o
                0x08001d9e                HAL_TIM_IC_CaptureCallback
 .text.HAL_TIM_PWM_PulseFinishedCallback
                0x08001da0        0x2 Drivers/STM32F0xx_HAL_Driver/Src/stm32f0xx_hal_tim.o
                0x08001da0                HAL_TIM_PWM_PulseFinishedCallback
 .text.HAL_TIM_TriggerCallback
                0x08001da2        0x2 Drivers/STM32F0xx_HAL_Driver/Src/stm32f0xx_hal_tim.o
                0x08001da2                HAL_TIM_TriggerCallback
 .text.HAL_TIM_IRQHandler
                0x08001da4      0x15a Drivers/STM32F0xx_HAL_Driver/Src/stm32f0xx_hal_tim.o
                0x08001da4                HAL_TIM_IRQHandler
 *fill*         0x08001efe        0x2 
 .text.TIM_Base_SetConfig
                0x08001f00       0x84 Drivers/STM32F0xx_HAL_Driver/Src/stm32f0xx_hal_tim.o
                0x08001f00                TIM_Base_SetConfig
 .text.HAL_TIM_Base_Init
                0x08001f84       0x34 Drivers/STM32F0xx_HAL_Driver/Src/stm32f0xx_hal_tim.o
                0x08001f84                HAL_TIM_Base_Init
 .text.HAL_TIMEx_CommutationCallback
                0x08001fb8        0x2 Drivers/STM32F0xx_HAL_Driver/Src/stm32f0xx_hal_tim_ex.o
                0x08001fb8                HAL_TIMEx_CommutationCallback
 .text.HAL_TIMEx_BreakCallback
                0x08001fba        0x2 Drivers/STM32F0xx_HAL_Driver/Src/stm32f0xx_hal_tim_ex.o
                0x08001fba                HAL_TIMEx_BreakCallback
 .text.UART_SetConfig
                0x08001fbc      0x1a0 Drivers/STM32F0xx_HAL_Driver/Src/stm32f0xx_hal_uart.o
                0x08001fbc                UART_SetConfig
 .text.UART_AdvFeatureConfig
                0x0800215c       0xe0 Drivers/STM32F0xx_HAL_Driver/Src/stm32f0xx_hal_uart.o
                0x0800215c                UART_AdvFeatureConfig
 .text.UART_CheckIdleState
                0x0800223c       0x16 Drivers/STM32F0xx_HAL_Driver/Src/stm32f0xx_hal_uart.o
                0x0800223c                UART_CheckIdleState
 *fill*         0x08002252        0x2 
 .text.HAL_UART_Init
                0x08002254       0x70 Drivers/STM32F0xx_HAL_Driver/Src/stm32f0xx_hal_uart.o
                0x08002254                HAL_UART_Init
 .text.UART_WaitOnFlagUntilTimeout
                0x080022c4       0x6c Drivers/STM32F0xx_HAL_Driver/Src/stm32f0xx_hal_uart.o
                0x080022c4                UART_WaitOnFlagUntilTimeout
 .text.HAL_UART_Transmit
                0x08002330       0xe2 Drivers/STM32F0xx_HAL_Driver/Src/stm32f0xx_hal_uart.o
                0x08002330                HAL_UART_Transmit
 .text.POWERED_UP
                0x08002412        0xe Radio/nRF905/Src/nRF905.o
                0x08002412                POWERED_UP
 .text.POWER_UP
                0x08002420       0x10 Radio/nRF905/Src/nRF905.o
                0x08002420                POWER_UP
 .text.POWER_DOWN
                0x08002430       0x26 Radio/nRF905/Src/nRF905.o
                0x08002430                POWER_DOWN
 .text.STANDBY  0x08002456       0x2c Radio/nRF905/Src/nRF905.o
                0x08002456                STANDBY
 .text.RXMODE   0x08002482       0x1c Radio/nRF905/Src/nRF905.o
                0x08002482                RXMODE
 *fill*         0x0800249e        0x2 
 .text.spiSelect
                0x080024a0       0x14 Radio/nRF905/Src/nRF905.o
                0x080024a0                spiSelect
 .text.spiDeselect
                0x080024b4       0x14 Radio/nRF905/Src/nRF905.o
                0x080024b4                spiDeselect
 .text.spiTransferNR
                0x080024c8       0x1c Radio/nRF905/Src/nRF905.o
                0x080024c8                spiTransferNR
 .text.defaultConfig
                0x080024e4       0x64 Radio/nRF905/Src/nRF905.o
 .text.setAddress
                0x08002548       0x2e Radio/nRF905/Src/nRF905.o
 *fill*         0x08002576        0x2 
 .text.spiTransfer
                0x08002578       0x20 Radio/nRF905/Src/nRF905.o
                0x08002578                spiTransfer
 .text.readStatus
                0x08002598       0x14 Radio/nRF905/Src/nRF905.o
 .text.dataReady
                0x080025ac        0xc Radio/nRF905/Src/nRF905.o
                0x080025ac                dataReady
 .text.nRF905_setListenAddress
                0x080025b8        0xa Radio/nRF905/Src/nRF905.o
                0x080025b8                nRF905_setListenAddress
 .text.nRF905_TX
                0x080025c2       0xaa Radio/nRF905/Src/nRF905.o
                0x080025c2                nRF905_TX
 .text.nRF905_RX
                0x0800266c        0xc Radio/nRF905/Src/nRF905.o
                0x0800266c                nRF905_RX
 .text.nRF905_init
                0x08002678       0x18 Radio/nRF905/Src/nRF905.o
                0x08002678                nRF905_init
 .text.nRF905_read
                0x08002690       0x2c Radio/nRF905/Src/nRF905.o
                0x08002690                nRF905_read
 .text.nRF905_powerDown
                0x080026bc        0x8 Radio/nRF905/Src/nRF905.o
                0x080026bc                nRF905_powerDown
 .text.nRF905_powerUp
                0x080026c4       0x1e Radio/nRF905/Src/nRF905.o
                0x080026c4                nRF905_powerUp
 .text.nRF905_getConfigRegisters
                0x080026e2       0x28 Radio/nRF905/Src/nRF905.o
                0x080026e2                nRF905_getConfigRegisters
 *fill*         0x0800270a        0x2 
 .text.MX_ADC_Init
                0x0800270c       0x78 Src/adc.o
                0x0800270c                MX_ADC_Init
 .text.HAL_ADC_MspInit
                0x08002784       0x2c Src/adc.o
                0x08002784                HAL_ADC_MspInit
 .text.HAL_ADC_MspDeInit
                0x080027b0       0x24 Src/adc.o
                0x080027b0                HAL_ADC_MspDeInit
 .text.MX_GPIO_Init
                0x080027d4       0xf0 Src/gpio.o
                0x080027d4                MX_GPIO_Init
 .text.HAL_TIM_PeriodElapsedCallback
                0x080028c4       0x18 Src/main.o
                0x080028c4                HAL_TIM_PeriodElapsedCallback
 .text._Error_Handler
                0x080028dc        0x2 Src/main.o
                0x080028dc                _Error_Handler
 *fill*         0x080028de        0x2 
 .text.SystemClock_Config
                0x080028e0       0x98 Src/main.o
                0x080028e0                SystemClock_Config
 .text.main     0x08002978       0x20 Src/main.o
                0x08002978                main
 .text.MX_SPI1_Init
                0x08002998       0x58 Src/spi.o
                0x08002998                MX_SPI1_Init
 .text.HAL_SPI_MspInit
                0x080029f0       0x4c Src/spi.o
                0x080029f0                HAL_SPI_MspInit
 .text.HAL_SPI_MspDeInit
                0x08002a3c       0x30 Src/spi.o
                0x08002a3c                HAL_SPI_MspDeInit
 .text.HAL_MspInit
                0x08002a6c       0x54 Src/stm32f0xx_hal_msp.o
                0x08002a6c                HAL_MspInit
 .text.HAL_InitTick
                0x08002ac0       0x78 Src/stm32f0xx_hal_timebase_TIM.o
                0x08002ac0                HAL_InitTick
 .text.HAL_ResumeTick
                0x08002b38       0x14 Src/stm32f0xx_hal_timebase_TIM.o
                0x08002b38                HAL_ResumeTick
 .text.NMI_Handler
                0x08002b4c        0x2 Src/stm32f0xx_it.o
                0x08002b4c                NMI_Handler
 .text.HardFault_Handler
                0x08002b4e        0x2 Src/stm32f0xx_it.o
                0x08002b4e                HardFault_Handler
 .text.SVC_Handler
                0x08002b50        0x2 Src/stm32f0xx_it.o
                0x08002b50                SVC_Handler
 .text.PendSV_Handler
                0x08002b52        0x2 Src/stm32f0xx_it.o
                0x08002b52                PendSV_Handler
 .text.SysTick_Handler
                0x08002b54        0x8 Src/stm32f0xx_it.o
                0x08002b54                SysTick_Handler
 .text.EXTI4_15_IRQHandler
                0x08002b5c       0x14 Src/stm32f0xx_it.o
                0x08002b5c                EXTI4_15_IRQHandler
 .text.TIM1_BRK_UP_TRG_COM_IRQHandler
                0x08002b70       0x10 Src/stm32f0xx_it.o
                0x08002b70                TIM1_BRK_UP_TRG_COM_IRQHandler
 .text.SystemInit
                0x08002b80       0x60 Src/system_stm32f0xx.o
                0x08002b80                SystemInit
 .text.MX_USART1_UART_Init
                0x08002be0       0x44 Src/usart.o
                0x08002be0                MX_USART1_UART_Init
 .text.HAL_UART_MspInit
                0x08002c24       0x50 Src/usart.o
                0x08002c24                HAL_UART_MspInit
 .text._ZN6System11ResumeClockEv
                0x08002c74       0xa0 System/System.o
                0x08002c74                System::ResumeClock()
 .text._ZN6System9PowerDownEv
                0x08002d14       0x68 System/System.o
                0x08002d14                System::PowerDown()
 .text._ZN6System5printEPKcz
                0x08002d7c       0x30 System/System.o
                0x08002d7c                System::print(char const*, ...)
 .text._ZN6System19nRF905sendtimestampEmt
                0x08002dac      0x110 System/System.o
                0x08002dac                System::nRF905sendtimestamp(unsigned long, unsigned short)
 .text._ZN6System10nRF905sendEmttt
                0x08002ebc      0x108 System/System.o
                0x08002ebc                System::nRF905send(unsigned long, unsigned short, unsigned short, unsigned short)
 .text.Reset_Handler
                0x08002fc4       0x50 startup/startup_stm32f030x6.o
                0x08002fc4                Reset_Handler
 .text.Default_Handler
                0x08003014        0x2 startup/startup_stm32f030x6.o
                0x08003014                TIM1_CC_IRQHandler
                0x08003014                I2C1_IRQHandler
                0x08003014                SPI1_IRQHandler
                0x08003014                EXTI2_3_IRQHandler
                0x08003014                ADC1_IRQHandler
                0x08003014                TIM17_IRQHandler
                0x08003014                RTC_IRQHandler
                0x08003014                TIM16_IRQHandler
                0x08003014                TIM3_IRQHandler
                0x08003014                RCC_IRQHandler
                0x08003014                DMA1_Channel1_IRQHandler
                0x08003014                Default_Handler
                0x08003014                TIM14_IRQHandler
                0x08003014                DMA1_Channel4_5_IRQHandler
                0x08003014                EXTI0_1_IRQHandler
                0x08003014                WWDG_IRQHandler
                0x08003014                DMA1_Channel2_3_IRQHandler
                0x08003014                FLASH_IRQHandler
                0x08003014                USART1_IRQHandler
 *fill*         0x08003016        0x2 
 .text.__libc_init_array
                0x08003018       0x48 e:/ac6/systemworkbench/plugins/fr.ac6.mcu.externaltools.arm-none.win32_1.16.0.201807130628/tools/compiler/bin/../lib/gcc/arm-none-eabi/7.2.1/../../../../arm-none-eabi/lib/thumb/v6-m\libc_nano.a(lib_a-init.o)
                0x08003018                __libc_init_array
 .text.memset   0x08003060       0x10 e:/ac6/systemworkbench/plugins/fr.ac6.mcu.externaltools.arm-none.win32_1.16.0.201807130628/tools/compiler/bin/../lib/gcc/arm-none-eabi/7.2.1/../../../../arm-none-eabi/lib/thumb/v6-m\libc_nano.a(lib_a-memset.o)
                0x08003060                memset
 .text._vsnprintf_r
                0x08003070       0x56 e:/ac6/systemworkbench/plugins/fr.ac6.mcu.externaltools.arm-none.win32_1.16.0.201807130628/tools/compiler/bin/../lib/gcc/arm-none-eabi/7.2.1/../../../../arm-none-eabi/lib/thumb/v6-m\libc_nano.a(lib_a-vsnprintf.o)
                0x08003070                _vsniprintf_r
                0x08003070                _vsnprintf_r
 *fill*         0x080030c6        0x2 
 .text.vsnprintf
                0x080030c8       0x18 e:/ac6/systemworkbench/plugins/fr.ac6.mcu.externaltools.arm-none.win32_1.16.0.201807130628/tools/compiler/bin/../lib/gcc/arm-none-eabi/7.2.1/../../../../arm-none-eabi/lib/thumb/v6-m\libc_nano.a(lib_a-vsnprintf.o)
                0x080030c8                vsniprintf
                0x080030c8                vsnprintf
 .text.__ssputs_r
                0x080030e0       0xc4 e:/ac6/systemworkbench/plugins/fr.ac6.mcu.externaltools.arm-none.win32_1.16.0.201807130628/tools/compiler/bin/../lib/gcc/arm-none-eabi/7.2.1/../../../../arm-none-eabi/lib/thumb/v6-m\libc_nano.a(lib_a-nano-svfprintf.o)
                0x080030e0                __ssputs_r
 .text._svfprintf_r
                0x080031a4      0x1fc e:/ac6/systemworkbench/plugins/fr.ac6.mcu.externaltools.arm-none.win32_1.16.0.201807130628/tools/compiler/bin/../lib/gcc/arm-none-eabi/7.2.1/../../../../arm-none-eabi/lib/thumb/v6-m\libc_nano.a(lib_a-nano-svfprintf.o)
                0x080031a4                _svfiprintf_r
                0x080031a4                _svfprintf_r
 .text._printf_common
                0x080033a0       0xda e:/ac6/systemworkbench/plugins/fr.ac6.mcu.externaltools.arm-none.win32_1.16.0.201807130628/tools/compiler/bin/../lib/gcc/arm-none-eabi/7.2.1/../../../../arm-none-eabi/lib/thumb/v6-m\libc_nano.a(lib_a-nano-vfprintf_i.o)
                0x080033a0                _printf_common
 *fill*         0x0800347a        0x2 
 .text._printf_i
                0x0800347c      0x210 e:/ac6/systemworkbench/plugins/fr.ac6.mcu.externaltools.arm-none.win32_1.16.0.201807130628/tools/compiler/bin/../lib/gcc/arm-none-eabi/7.2.1/../../../../arm-none-eabi/lib/thumb/v6-m\libc_nano.a(lib_a-nano-vfprintf_i.o)
                0x0800347c                _printf_i
 .text.memchr   0x0800368c       0x16 e:/ac6/systemworkbench/plugins/fr.ac6.mcu.externaltools.arm-none.win32_1.16.0.201807130628/tools/compiler/bin/../lib/gcc/arm-none-eabi/7.2.1/../../../../arm-none-eabi/lib/thumb/v6-m\libc_nano.a(lib_a-memchr-stub.o)
                0x0800368c                memchr
 .text.memcpy   0x080036a2       0x12 e:/ac6/systemworkbench/plugins/fr.ac6.mcu.externaltools.arm-none.win32_1.16.0.201807130628/tools/compiler/bin/../lib/gcc/arm-none-eabi/7.2.1/../../../../arm-none-eabi/lib/thumb/v6-m\libc_nano.a(lib_a-memcpy-stub.o)
                0x080036a2                memcpy
 .text.memmove  0x080036b4       0x26 e:/ac6/systemworkbench/plugins/fr.ac6.mcu.externaltools.arm-none.win32_1.16.0.201807130628/tools/compiler/bin/../lib/gcc/arm-none-eabi/7.2.1/../../../../arm-none-eabi/lib/thumb/v6-m\libc_nano.a(lib_a-memmove.o)
                0x080036b4                memmove
 *fill*         0x080036da        0x2 
 .text._free_r  0x080036dc       0x94 e:/ac6/systemworkbench/plugins/fr.ac6.mcu.externaltools.arm-none.win32_1.16.0.201807130628/tools/compiler/bin/../lib/gcc/arm-none-eabi/7.2.1/../../../../arm-none-eabi/lib/thumb/v6-m\libc_nano.a(lib_a-nano-freer.o)
                0x080036dc                _free_r
 .text._malloc_r
                0x08003770       0xbc e:/ac6/systemworkbench/plugins/fr.ac6.mcu.externaltools.arm-none.win32_1.16.0.201807130628/tools/compiler/bin/../lib/gcc/arm-none-eabi/7.2.1/../../../../arm-none-eabi/lib/thumb/v6-m\libc_nano.a(lib_a-nano-mallocr.o)
                0x08003770                _malloc_r
 .text._realloc_r
                0x0800382c       0x4c e:/ac6/systemworkbench/plugins/fr.ac6.mcu.externaltools.arm-none.win32_1.16.0.201807130628/tools/compiler/bin/../lib/gcc/arm-none-eabi/7.2.1/../../../../arm-none-eabi/lib/thumb/v6-m\libc_nano.a(lib_a-nano-reallocr.o)
                0x0800382c                _realloc_r
 .text._sbrk_r  0x08003878       0x24 e:/ac6/systemworkbench/plugins/fr.ac6.mcu.externaltools.arm-none.win32_1.16.0.201807130628/tools/compiler/bin/../lib/gcc/arm-none-eabi/7.2.1/../../../../arm-none-eabi/lib/thumb/v6-m\libc_nano.a(lib_a-sbrkr.o)
                0x08003878                _sbrk_r
 .text.__malloc_lock
                0x0800389c        0x2 e:/ac6/systemworkbench/plugins/fr.ac6.mcu.externaltools.arm-none.win32_1.16.0.201807130628/tools/compiler/bin/../lib/gcc/arm-none-eabi/7.2.1/../../../../arm-none-eabi/lib/thumb/v6-m\libc_nano.a(lib_a-mlock.o)
                0x0800389c                __malloc_lock
 .text.__malloc_unlock
                0x0800389e        0x2 e:/ac6/systemworkbench/plugins/fr.ac6.mcu.externaltools.arm-none.win32_1.16.0.201807130628/tools/compiler/bin/../lib/gcc/arm-none-eabi/7.2.1/../../../../arm-none-eabi/lib/thumb/v6-m\libc_nano.a(lib_a-mlock.o)
                0x0800389e                __malloc_unlock
 .text._malloc_usable_size_r
                0x080038a0       0x10 e:/ac6/systemworkbench/plugins/fr.ac6.mcu.externaltools.arm-none.win32_1.16.0.201807130628/tools/compiler/bin/../lib/gcc/arm-none-eabi/7.2.1/../../../../arm-none-eabi/lib/thumb/v6-m\libc_nano.a(lib_a-nano-msizer.o)
                0x080038a0                _malloc_usable_size_r
 .text._sbrk    0x080038b0       0x1c e:/ac6/systemworkbench/plugins/fr.ac6.mcu.externaltools.arm-none.win32_1.16.0.201807130628/tools/compiler/bin/../lib/gcc/arm-none-eabi/7.2.1/../../../../arm-none-eabi/lib/thumb/v6-m\libnosys.a(sbrk.o)
                0x080038b0                _sbrk
 *(.glue_7)
 .glue_7        0x080038cc        0x0 linker stubs
 *(.glue_7t)
 .glue_7t       0x080038cc        0x0 linker stubs
 *(.eh_frame)
 .eh_frame      0x080038cc        0x0 e:/ac6/systemworkbench/plugins/fr.ac6.mcu.externaltools.arm-none.win32_1.16.0.201807130628/tools/compiler/bin/../lib/gcc/arm-none-eabi/7.2.1/thumb/v6-m/crtbegin.o
 *(.init)
 .init          0x080038cc        0x4 e:/ac6/systemworkbench/plugins/fr.ac6.mcu.externaltools.arm-none.win32_1.16.0.201807130628/tools/compiler/bin/../lib/gcc/arm-none-eabi/7.2.1/thumb/v6-m/crti.o
                0x080038cc                _init
 .init          0x080038d0        0x8 e:/ac6/systemworkbench/plugins/fr.ac6.mcu.externaltools.arm-none.win32_1.16.0.201807130628/tools/compiler/bin/../lib/gcc/arm-none-eabi/7.2.1/thumb/v6-m/crtn.o
 *(.fini)
 .fini          0x080038d8        0x4 e:/ac6/systemworkbench/plugins/fr.ac6.mcu.externaltools.arm-none.win32_1.16.0.201807130628/tools/compiler/bin/../lib/gcc/arm-none-eabi/7.2.1/thumb/v6-m/crti.o
                0x080038d8                _fini
 .fini          0x080038dc        0x8 e:/ac6/systemworkbench/plugins/fr.ac6.mcu.externaltools.arm-none.win32_1.16.0.201807130628/tools/compiler/bin/../lib/gcc/arm-none-eabi/7.2.1/thumb/v6-m/crtn.o
                0x080038e4                . = ALIGN (0x4)
                0x080038e4                _etext = .

.vfp11_veneer   0x080038e4        0x0
 .vfp11_veneer  0x080038e4        0x0 linker stubs

.v4_bx          0x080038e4        0x0
 .v4_bx         0x080038e4        0x0 linker stubs

.iplt           0x080038e4        0x0
 .iplt          0x080038e4        0x0 e:/ac6/systemworkbench/plugins/fr.ac6.mcu.externaltools.arm-none.win32_1.16.0.201807130628/tools/compiler/bin/../lib/gcc/arm-none-eabi/7.2.1/thumb/v6-m/crtbegin.o

.rodata         0x080038e4      0x150
                0x080038e4                . = ALIGN (0x4)
 *(.rodata)
 .rodata        0x080038e4       0x20 Drivers/STM32F0xx_HAL_Driver/Src/stm32f0xx_hal_rcc.o
 .rodata        0x08003904        0xb Radio/nRF905/Src/nRF905.o
 *fill*         0x0800390f        0x1 
 .rodata        0x08003910       0x18 Src/system_stm32f0xx.o
                0x08003910                AHBPrescTable
                0x08003920                APBPrescTable
 *(.rodata*)
 .rodata.str1.4
                0x08003928       0x66 App/App.o
                                 0x6a (size before relaxing)
 *fill*         0x0800398e        0x2 
 .rodata.str1.4
                0x08003990        0xd Src/adc.o
 *fill*         0x0800399d        0x3 
 .rodata.str1.4
                0x080039a0        0xe Src/main.o
 *fill*         0x080039ae        0x2 
 .rodata.str1.4
                0x080039b0        0xd Src/spi.o
 *fill*         0x080039bd        0x3 
 .rodata.str1.4
                0x080039c0        0xf Src/usart.o
 *fill*         0x080039cf        0x1 
 .rodata.str1.4
                0x080039d0       0x30 System/System.o
                                 0x2d (size before relaxing)
 .rodata._svfprintf_r.str1.1
                0x08003a00       0x11 e:/ac6/systemworkbench/plugins/fr.ac6.mcu.externaltools.arm-none.win32_1.16.0.201807130628/tools/compiler/bin/../lib/gcc/arm-none-eabi/7.2.1/../../../../arm-none-eabi/lib/thumb/v6-m\libc_nano.a(lib_a-nano-svfprintf.o)
 .rodata._printf_i.str1.1
                0x08003a11       0x22 e:/ac6/systemworkbench/plugins/fr.ac6.mcu.externaltools.arm-none.win32_1.16.0.201807130628/tools/compiler/bin/../lib/gcc/arm-none-eabi/7.2.1/../../../../arm-none-eabi/lib/thumb/v6-m\libc_nano.a(lib_a-nano-vfprintf_i.o)
                0x08003a34                . = ALIGN (0x4)
 *fill*         0x08003a33        0x1 

.rel.dyn        0x08003a34        0x0
 .rel.iplt      0x08003a34        0x0 e:/ac6/systemworkbench/plugins/fr.ac6.mcu.externaltools.arm-none.win32_1.16.0.201807130628/tools/compiler/bin/../lib/gcc/arm-none-eabi/7.2.1/thumb/v6-m/crtbegin.o

.ARM.extab
 *(.ARM.extab* .gnu.linkonce.armextab.*)

.ARM            0x08003a34        0x0
                0x08003a34                __exidx_start = .
 *(.ARM.exidx*)
                0x08003a34                __exidx_end = .

.preinit_array  0x08003a34        0x0
                0x08003a34                PROVIDE (__preinit_array_start, .)
 *(.preinit_array*)
                0x08003a34                PROVIDE (__preinit_array_end, .)

.init_array     0x08003a34        0x8
                0x08003a34                PROVIDE (__init_array_start, .)
 *(SORT_BY_NAME(.init_array.*))
 *(.init_array*)
 .init_array    0x08003a34        0x4 e:/ac6/systemworkbench/plugins/fr.ac6.mcu.externaltools.arm-none.win32_1.16.0.201807130628/tools/compiler/bin/../lib/gcc/arm-none-eabi/7.2.1/thumb/v6-m/crtbegin.o
 .init_array    0x08003a38        0x4 App/App.o
                0x08003a3c                PROVIDE (__init_array_end, .)

.fini_array     0x08003a3c        0x4
                [!provide]                PROVIDE (__fini_array_start, .)
 *(SORT_BY_NAME(.fini_array.*))
 *(.fini_array*)
 .fini_array    0x08003a3c        0x4 e:/ac6/systemworkbench/plugins/fr.ac6.mcu.externaltools.arm-none.win32_1.16.0.201807130628/tools/compiler/bin/../lib/gcc/arm-none-eabi/7.2.1/thumb/v6-m/crtbegin.o
                [!provide]                PROVIDE (__fini_array_end, .)
                0x08003a40                _sidata = LOADADDR (.data)

.data           0x20000000       0x78 load address 0x08003a40
                0x20000000                . = ALIGN (0x4)
                0x20000000                _sdata = .
 *(.data)
 .data          0x20000000        0x9 App/App.o
                0x20000000                device
                0x20000004                buttons
                0x20000008                buttons2
 *fill*         0x20000009        0x3 
 .data          0x2000000c        0x4 Src/system_stm32f0xx.o
                0x2000000c                SystemCoreClock
 .data          0x20000010        0x1 System/System.o
                0x20000010                package_no
 *(.data*)
 *fill*         0x20000011        0x3 
 .data._impure_ptr
                0x20000014        0x4 e:/ac6/systemworkbench/plugins/fr.ac6.mcu.externaltools.arm-none.win32_1.16.0.201807130628/tools/compiler/bin/../lib/gcc/arm-none-eabi/7.2.1/../../../../arm-none-eabi/lib/thumb/v6-m\libc_nano.a(lib_a-impure.o)
                0x20000014                _impure_ptr
 .data.impure_data
                0x20000018       0x60 e:/ac6/systemworkbench/plugins/fr.ac6.mcu.externaltools.arm-none.win32_1.16.0.201807130628/tools/compiler/bin/../lib/gcc/arm-none-eabi/7.2.1/../../../../arm-none-eabi/lib/thumb/v6-m\libc_nano.a(lib_a-impure.o)
                0x20000078                . = ALIGN (0x4)
                0x20000078                _edata = .

.igot.plt       0x20000078        0x0 load address 0x08003ab8
 .igot.plt      0x20000078        0x0 e:/ac6/systemworkbench/plugins/fr.ac6.mcu.externaltools.arm-none.win32_1.16.0.201807130628/tools/compiler/bin/../lib/gcc/arm-none-eabi/7.2.1/thumb/v6-m/crtbegin.o
                0x20000078                . = ALIGN (0x4)

.bss            0x20000078      0x198 load address 0x08003ab8
                0x20000078                _sbss = .
                0x20000078                __bss_start__ = _sbss
 *(.bss)
 .bss           0x20000078       0x1c e:/ac6/systemworkbench/plugins/fr.ac6.mcu.externaltools.arm-none.win32_1.16.0.201807130628/tools/compiler/bin/../lib/gcc/arm-none-eabi/7.2.1/thumb/v6-m/crtbegin.o
 .bss           0x20000094        0x8 App/App.o
                0x20000094                RXADDR
                0x20000098                deviceID
 *(.bss*)
 .bss.__malloc_free_list
                0x2000009c        0x4 e:/ac6/systemworkbench/plugins/fr.ac6.mcu.externaltools.arm-none.win32_1.16.0.201807130628/tools/compiler/bin/../lib/gcc/arm-none-eabi/7.2.1/../../../../arm-none-eabi/lib/thumb/v6-m\libc_nano.a(lib_a-nano-mallocr.o)
                0x2000009c                __malloc_free_list
 .bss.__malloc_sbrk_start
                0x200000a0        0x4 e:/ac6/systemworkbench/plugins/fr.ac6.mcu.externaltools.arm-none.win32_1.16.0.201807130628/tools/compiler/bin/../lib/gcc/arm-none-eabi/7.2.1/../../../../arm-none-eabi/lib/thumb/v6-m\libc_nano.a(lib_a-nano-mallocr.o)
                0x200000a0                __malloc_sbrk_start
 .bss.heap_end.4102
                0x200000a4        0x4 e:/ac6/systemworkbench/plugins/fr.ac6.mcu.externaltools.arm-none.win32_1.16.0.201807130628/tools/compiler/bin/../lib/gcc/arm-none-eabi/7.2.1/../../../../arm-none-eabi/lib/thumb/v6-m\libnosys.a(sbrk.o)
 *(COMMON)
 COMMON         0x200000a8        0x4 Drivers/STM32F0xx_HAL_Driver/Src/stm32f0xx_hal.o
                0x200000a8                uwTick
 COMMON         0x200000ac       0x4c Src/adc.o
                0x200000ac                hadc
 COMMON         0x200000f8       0x64 Src/spi.o
                0x200000f8                hspi1
 COMMON         0x2000015c       0x40 Src/stm32f0xx_hal_timebase_TIM.o
                0x2000015c                htim1
 COMMON         0x2000019c       0x70 Src/usart.o
                0x2000019c                huart1
 COMMON         0x2000020c        0x4 e:/ac6/systemworkbench/plugins/fr.ac6.mcu.externaltools.arm-none.win32_1.16.0.201807130628/tools/compiler/bin/../lib/gcc/arm-none-eabi/7.2.1/../../../../arm-none-eabi/lib/thumb/v6-m\libc_nano.a(lib_a-reent.o)
                0x2000020c                errno
                0x20000210                . = ALIGN (0x4)
                0x20000210                _ebss = .
                0x20000210                __bss_end__ = _ebss

._user_heap_stack
                0x20000210      0x600 load address 0x08003ab8
                0x20000210                . = ALIGN (0x8)
                0x20000210                PROVIDE (end, .)
                [!provide]                PROVIDE (_end, .)
                0x20000410                . = (. + _Min_Heap_Size)
 *fill*         0x20000210      0x200 
                0x20000810                . = (. + _Min_Stack_Size)
 *fill*         0x20000410      0x400 
                0x20000810                . = ALIGN (0x8)

/DISCARD/
 libc.a(*)
 libm.a(*)
 libgcc.a(*)

.ARM.attributes
                0x00000000       0x28
 *(.ARM.attributes)
 .ARM.attributes
                0x00000000       0x1e e:/ac6/systemworkbench/plugins/fr.ac6.mcu.externaltools.arm-none.win32_1.16.0.201807130628/tools/compiler/bin/../lib/gcc/arm-none-eabi/7.2.1/thumb/v6-m/crti.o
 .ARM.attributes
                0x0000001e       0x2c e:/ac6/systemworkbench/plugins/fr.ac6.mcu.externaltools.arm-none.win32_1.16.0.201807130628/tools/compiler/bin/../lib/gcc/arm-none-eabi/7.2.1/thumb/v6-m/crtbegin.o
 .ARM.attributes
                0x0000004a       0x31 App/App.o
 .ARM.attributes
                0x0000007b       0x31 Drivers/STM32F0xx_HAL_Driver/Src/stm32f0xx_hal.o
 .ARM.attributes
                0x000000ac       0x31 Drivers/STM32F0xx_HAL_Driver/Src/stm32f0xx_hal_adc.o
 .ARM.attributes
                0x000000dd       0x31 Drivers/STM32F0xx_HAL_Driver/Src/stm32f0xx_hal_cortex.o
 .ARM.attributes
                0x0000010e       0x31 Drivers/STM32F0xx_HAL_Driver/Src/stm32f0xx_hal_gpio.o
 .ARM.attributes
                0x0000013f       0x31 Drivers/STM32F0xx_HAL_Driver/Src/stm32f0xx_hal_pwr.o
 .ARM.attributes
                0x00000170       0x31 Drivers/STM32F0xx_HAL_Driver/Src/stm32f0xx_hal_rcc.o
 .ARM.attributes
                0x000001a1       0x31 Drivers/STM32F0xx_HAL_Driver/Src/stm32f0xx_hal_rcc_ex.o
 .ARM.attributes
                0x000001d2       0x31 Drivers/STM32F0xx_HAL_Driver/Src/stm32f0xx_hal_spi.o
 .ARM.attributes
                0x00000203       0x31 Drivers/STM32F0xx_HAL_Driver/Src/stm32f0xx_hal_tim.o
 .ARM.attributes
                0x00000234       0x31 Drivers/STM32F0xx_HAL_Driver/Src/stm32f0xx_hal_tim_ex.o
 .ARM.attributes
                0x00000265       0x31 Drivers/STM32F0xx_HAL_Driver/Src/stm32f0xx_hal_uart.o
 .ARM.attributes
                0x00000296       0x31 Radio/nRF905/Src/nRF905.o
 .ARM.attributes
                0x000002c7       0x31 Src/adc.o
 .ARM.attributes
                0x000002f8       0x31 Src/gpio.o
 .ARM.attributes
                0x00000329       0x31 Src/main.o
 .ARM.attributes
                0x0000035a       0x31 Src/spi.o
 .ARM.attributes
                0x0000038b       0x31 Src/stm32f0xx_hal_msp.o
 .ARM.attributes
                0x000003bc       0x31 Src/stm32f0xx_hal_timebase_TIM.o
 .ARM.attributes
                0x000003ed       0x31 Src/stm32f0xx_it.o
 .ARM.attributes
                0x0000041e       0x31 Src/system_stm32f0xx.o
 .ARM.attributes
                0x0000044f       0x31 Src/usart.o
 .ARM.attributes
                0x00000480       0x31 System/System.o
 .ARM.attributes
                0x000004b1       0x21 startup/startup_stm32f030x6.o
 .ARM.attributes
                0x000004d2       0x1e e:/ac6/systemworkbench/plugins/fr.ac6.mcu.externaltools.arm-none.win32_1.16.0.201807130628/tools/compiler/bin/../lib/gcc/arm-none-eabi/7.2.1/thumb/v6-m\libgcc.a(_udivsi3.o)
 .ARM.attributes
                0x000004f0       0x1e e:/ac6/systemworkbench/plugins/fr.ac6.mcu.externaltools.arm-none.win32_1.16.0.201807130628/tools/compiler/bin/../lib/gcc/arm-none-eabi/7.2.1/thumb/v6-m\libgcc.a(_dvmd_tls.o)
 .ARM.attributes
                0x0000050e       0x2c e:/ac6/systemworkbench/plugins/fr.ac6.mcu.externaltools.arm-none.win32_1.16.0.201807130628/tools/compiler/bin/../lib/gcc/arm-none-eabi/7.2.1/../../../../arm-none-eabi/lib/thumb/v6-m\libc_nano.a(lib_a-impure.o)
 .ARM.attributes
                0x0000053a       0x2c e:/ac6/systemworkbench/plugins/fr.ac6.mcu.externaltools.arm-none.win32_1.16.0.201807130628/tools/compiler/bin/../lib/gcc/arm-none-eabi/7.2.1/../../../../arm-none-eabi/lib/thumb/v6-m\libc_nano.a(lib_a-init.o)
 .ARM.attributes
                0x00000566       0x2c e:/ac6/systemworkbench/plugins/fr.ac6.mcu.externaltools.arm-none.win32_1.16.0.201807130628/tools/compiler/bin/../lib/gcc/arm-none-eabi/7.2.1/../../../../arm-none-eabi/lib/thumb/v6-m\libc_nano.a(lib_a-memset.o)
 .ARM.attributes
                0x00000592       0x2c e:/ac6/systemworkbench/plugins/fr.ac6.mcu.externaltools.arm-none.win32_1.16.0.201807130628/tools/compiler/bin/../lib/gcc/arm-none-eabi/7.2.1/../../../../arm-none-eabi/lib/thumb/v6-m\libc_nano.a(lib_a-vsnprintf.o)
 .ARM.attributes
                0x000005be       0x2c e:/ac6/systemworkbench/plugins/fr.ac6.mcu.externaltools.arm-none.win32_1.16.0.201807130628/tools/compiler/bin/../lib/gcc/arm-none-eabi/7.2.1/../../../../arm-none-eabi/lib/thumb/v6-m\libc_nano.a(lib_a-nano-svfprintf.o)
 .ARM.attributes
                0x000005ea       0x2c e:/ac6/systemworkbench/plugins/fr.ac6.mcu.externaltools.arm-none.win32_1.16.0.201807130628/tools/compiler/bin/../lib/gcc/arm-none-eabi/7.2.1/../../../../arm-none-eabi/lib/thumb/v6-m\libc_nano.a(lib_a-nano-vfprintf_i.o)
 .ARM.attributes
                0x00000616       0x2c e:/ac6/systemworkbench/plugins/fr.ac6.mcu.externaltools.arm-none.win32_1.16.0.201807130628/tools/compiler/bin/../lib/gcc/arm-none-eabi/7.2.1/../../../../arm-none-eabi/lib/thumb/v6-m\libc_nano.a(lib_a-memchr-stub.o)
 .ARM.attributes
                0x00000642       0x2c e:/ac6/systemworkbench/plugins/fr.ac6.mcu.externaltools.arm-none.win32_1.16.0.201807130628/tools/compiler/bin/../lib/gcc/arm-none-eabi/7.2.1/../../../../arm-none-eabi/lib/thumb/v6-m\libc_nano.a(lib_a-memcpy-stub.o)
 .ARM.attributes
                0x0000066e       0x2c e:/ac6/systemworkbench/plugins/fr.ac6.mcu.externaltools.arm-none.win32_1.16.0.201807130628/tools/compiler/bin/../lib/gcc/arm-none-eabi/7.2.1/../../../../arm-none-eabi/lib/thumb/v6-m\libc_nano.a(lib_a-memmove.o)
 .ARM.attributes
                0x0000069a       0x2c e:/ac6/systemworkbench/plugins/fr.ac6.mcu.externaltools.arm-none.win32_1.16.0.201807130628/tools/compiler/bin/../lib/gcc/arm-none-eabi/7.2.1/../../../../arm-none-eabi/lib/thumb/v6-m\libc_nano.a(lib_a-nano-freer.o)
 .ARM.attributes
                0x000006c6       0x2c e:/ac6/systemworkbench/plugins/fr.ac6.mcu.externaltools.arm-none.win32_1.16.0.201807130628/tools/compiler/bin/../lib/gcc/arm-none-eabi/7.2.1/../../../../arm-none-eabi/lib/thumb/v6-m\libc_nano.a(lib_a-nano-mallocr.o)
 .ARM.attributes
                0x000006f2       0x2c e:/ac6/systemworkbench/plugins/fr.ac6.mcu.externaltools.arm-none.win32_1.16.0.201807130628/tools/compiler/bin/../lib/gcc/arm-none-eabi/7.2.1/../../../../arm-none-eabi/lib/thumb/v6-m\libc_nano.a(lib_a-nano-reallocr.o)
 .ARM.attributes
                0x0000071e       0x2c e:/ac6/systemworkbench/plugins/fr.ac6.mcu.externaltools.arm-none.win32_1.16.0.201807130628/tools/compiler/bin/../lib/gcc/arm-none-eabi/7.2.1/../../../../arm-none-eabi/lib/thumb/v6-m\libc_nano.a(lib_a-sbrkr.o)
 .ARM.attributes
                0x0000074a       0x2c e:/ac6/systemworkbench/plugins/fr.ac6.mcu.externaltools.arm-none.win32_1.16.0.201807130628/tools/compiler/bin/../lib/gcc/arm-none-eabi/7.2.1/../../../../arm-none-eabi/lib/thumb/v6-m\libc_nano.a(lib_a-mlock.o)
 .ARM.attributes
                0x00000776       0x2c e:/ac6/systemworkbench/plugins/fr.ac6.mcu.externaltools.arm-none.win32_1.16.0.201807130628/tools/compiler/bin/../lib/gcc/arm-none-eabi/7.2.1/../../../../arm-none-eabi/lib/thumb/v6-m\libc_nano.a(lib_a-nano-msizer.o)
 .ARM.attributes
                0x000007a2       0x2c e:/ac6/systemworkbench/plugins/fr.ac6.mcu.externaltools.arm-none.win32_1.16.0.201807130628/tools/compiler/bin/../lib/gcc/arm-none-eabi/7.2.1/../../../../arm-none-eabi/lib/thumb/v6-m\libc_nano.a(lib_a-reent.o)
 .ARM.attributes
                0x000007ce       0x2c e:/ac6/systemworkbench/plugins/fr.ac6.mcu.externaltools.arm-none.win32_1.16.0.201807130628/tools/compiler/bin/../lib/gcc/arm-none-eabi/7.2.1/../../../../arm-none-eabi/lib/thumb/v6-m\libnosys.a(sbrk.o)
 .ARM.attributes
                0x000007fa       0x1e e:/ac6/systemworkbench/plugins/fr.ac6.mcu.externaltools.arm-none.win32_1.16.0.201807130628/tools/compiler/bin/../lib/gcc/arm-none-eabi/7.2.1/thumb/v6-m/crtn.o
OUTPUT(LCD-Counter-Button.elf elf32-littlearm)

.debug_info     0x00000000    0x22882
 .debug_info    0x00000000     0x57b4 App/App.o
 .debug_info    0x000057b4      0xe3e Drivers/STM32F0xx_HAL_Driver/Src/stm32f0xx_hal.o
 .debug_info    0x000065f2     0x167b Drivers/STM32F0xx_HAL_Driver/Src/stm32f0xx_hal_adc.o
 .debug_info    0x00007c6d      0xfb3 Drivers/STM32F0xx_HAL_Driver/Src/stm32f0xx_hal_cortex.o
 .debug_info    0x00008c20      0xe5a Drivers/STM32F0xx_HAL_Driver/Src/stm32f0xx_hal_gpio.o
 .debug_info    0x00009a7a      0xcbc Drivers/STM32F0xx_HAL_Driver/Src/stm32f0xx_hal_pwr.o
 .debug_info    0x0000a736     0x1138 Drivers/STM32F0xx_HAL_Driver/Src/stm32f0xx_hal_rcc.o
 .debug_info    0x0000b86e      0xc05 Drivers/STM32F0xx_HAL_Driver/Src/stm32f0xx_hal_rcc_ex.o
 .debug_info    0x0000c473     0x2577 Drivers/STM32F0xx_HAL_Driver/Src/stm32f0xx_hal_spi.o
 .debug_info    0x0000e9ea     0x36ed Drivers/STM32F0xx_HAL_Driver/Src/stm32f0xx_hal_tim.o
 .debug_info    0x000120d7     0x1a8f Drivers/STM32F0xx_HAL_Driver/Src/stm32f0xx_hal_tim_ex.o
 .debug_info    0x00013b66     0x1ff5 Drivers/STM32F0xx_HAL_Driver/Src/stm32f0xx_hal_uart.o
 .debug_info    0x00015b5b     0x1df7 Radio/nRF905/Src/nRF905.o
 .debug_info    0x00017952      0xf6b Src/adc.o
 .debug_info    0x000188bd      0xd7d Src/gpio.o
 .debug_info    0x0001963a     0x199e Src/main.o
 .debug_info    0x0001afd8     0x10c8 Src/spi.o
 .debug_info    0x0001c0a0      0xb38 Src/stm32f0xx_hal_msp.o
 .debug_info    0x0001cbd8     0x1102 Src/stm32f0xx_hal_timebase_TIM.o
 .debug_info    0x0001dcda      0xe92 Src/stm32f0xx_it.o
 .debug_info    0x0001eb6c      0xa74 Src/system_stm32f0xx.o
 .debug_info    0x0001f5e0     0x1141 Src/usart.o
 .debug_info    0x00020721     0x213f System/System.o
 .debug_info    0x00022860       0x22 startup/startup_stm32f030x6.o

.debug_abbrev   0x00000000     0x42f4
 .debug_abbrev  0x00000000      0x793 App/App.o
 .debug_abbrev  0x00000793      0x2f6 Drivers/STM32F0xx_HAL_Driver/Src/stm32f0xx_hal.o
 .debug_abbrev  0x00000a89      0x2e1 Drivers/STM32F0xx_HAL_Driver/Src/stm32f0xx_hal_adc.o
 .debug_abbrev  0x00000d6a      0x328 Drivers/STM32F0xx_HAL_Driver/Src/stm32f0xx_hal_cortex.o
 .debug_abbrev  0x00001092      0x2a7 Drivers/STM32F0xx_HAL_Driver/Src/stm32f0xx_hal_gpio.o
 .debug_abbrev  0x00001339      0x266 Drivers/STM32F0xx_HAL_Driver/Src/stm32f0xx_hal_pwr.o
 .debug_abbrev  0x0000159f      0x2ea Drivers/STM32F0xx_HAL_Driver/Src/stm32f0xx_hal_rcc.o
 .debug_abbrev  0x00001889      0x2a5 Drivers/STM32F0xx_HAL_Driver/Src/stm32f0xx_hal_rcc_ex.o
 .debug_abbrev  0x00001b2e      0x315 Drivers/STM32F0xx_HAL_Driver/Src/stm32f0xx_hal_spi.o
 .debug_abbrev  0x00001e43      0x2e0 Drivers/STM32F0xx_HAL_Driver/Src/stm32f0xx_hal_tim.o
 .debug_abbrev  0x00002123      0x2e0 Drivers/STM32F0xx_HAL_Driver/Src/stm32f0xx_hal_tim_ex.o
 .debug_abbrev  0x00002403      0x2cb Drivers/STM32F0xx_HAL_Driver/Src/stm32f0xx_hal_uart.o
 .debug_abbrev  0x000026ce      0x355 Radio/nRF905/Src/nRF905.o
 .debug_abbrev  0x00002a23      0x265 Src/adc.o
 .debug_abbrev  0x00002c88      0x245 Src/gpio.o
 .debug_abbrev  0x00002ecd      0x2aa Src/main.o
 .debug_abbrev  0x00003177      0x258 Src/spi.o
 .debug_abbrev  0x000033cf      0x234 Src/stm32f0xx_hal_msp.o
 .debug_abbrev  0x00003603      0x2aa Src/stm32f0xx_hal_timebase_TIM.o
 .debug_abbrev  0x000038ad      0x256 Src/stm32f0xx_it.o
 .debug_abbrev  0x00003b03      0x205 Src/system_stm32f0xx.o
 .debug_abbrev  0x00003d08      0x258 Src/usart.o
 .debug_abbrev  0x00003f60      0x382 System/System.o
 .debug_abbrev  0x000042e2       0x12 startup/startup_stm32f030x6.o

.debug_loc      0x00000000     0xa4f4
 .debug_loc     0x00000000      0x152 App/App.o
 .debug_loc     0x00000152       0x7c Drivers/STM32F0xx_HAL_Driver/Src/stm32f0xx_hal.o
 .debug_loc     0x000001ce      0xc27 Drivers/STM32F0xx_HAL_Driver/Src/stm32f0xx_hal_adc.o
 .debug_loc     0x00000df5      0x393 Drivers/STM32F0xx_HAL_Driver/Src/stm32f0xx_hal_cortex.o
 .debug_loc     0x00001188      0x2fe Drivers/STM32F0xx_HAL_Driver/Src/stm32f0xx_hal_gpio.o
 .debug_loc     0x00001486       0xc8 Drivers/STM32F0xx_HAL_Driver/Src/stm32f0xx_hal_pwr.o
 .debug_loc     0x0000154e      0x480 Drivers/STM32F0xx_HAL_Driver/Src/stm32f0xx_hal_rcc.o
 .debug_loc     0x000019ce      0x359 Drivers/STM32F0xx_HAL_Driver/Src/stm32f0xx_hal_rcc_ex.o
 .debug_loc     0x00001d27     0x1d2b Drivers/STM32F0xx_HAL_Driver/Src/stm32f0xx_hal_spi.o
 .debug_loc     0x00003a52     0x37c7 Drivers/STM32F0xx_HAL_Driver/Src/stm32f0xx_hal_tim.o
 .debug_loc     0x00007219     0x10f1 Drivers/STM32F0xx_HAL_Driver/Src/stm32f0xx_hal_tim_ex.o
 .debug_loc     0x0000830a     0x15f9 Drivers/STM32F0xx_HAL_Driver/Src/stm32f0xx_hal_uart.o
 .debug_loc     0x00009903      0x59f Radio/nRF905/Src/nRF905.o
 .debug_loc     0x00009ea2       0x3a Src/adc.o
 .debug_loc     0x00009edc       0x3a Src/main.o
 .debug_loc     0x00009f16       0x74 Src/spi.o
 .debug_loc     0x00009f8a       0x79 Src/stm32f0xx_hal_timebase_TIM.o
 .debug_loc     0x0000a003      0x13b Src/system_stm32f0xx.o
 .debug_loc     0x0000a13e       0x74 Src/usart.o
 .debug_loc     0x0000a1b2      0x342 System/System.o

.debug_aranges  0x00000000      0xfb0
 .debug_aranges
                0x00000000       0x38 App/App.o
 .debug_aranges
                0x00000038       0xb8 Drivers/STM32F0xx_HAL_Driver/Src/stm32f0xx_hal.o
 .debug_aranges
                0x000000f0       0xf8 Drivers/STM32F0xx_HAL_Driver/Src/stm32f0xx_hal_adc.o
 .debug_aranges
                0x000001e8       0x78 Drivers/STM32F0xx_HAL_Driver/Src/stm32f0xx_hal_cortex.o
 .debug_aranges
                0x00000260       0x58 Drivers/STM32F0xx_HAL_Driver/Src/stm32f0xx_hal_gpio.o
 .debug_aranges
                0x000002b8       0x78 Drivers/STM32F0xx_HAL_Driver/Src/stm32f0xx_hal_pwr.o
 .debug_aranges
                0x00000330       0x80 Drivers/STM32F0xx_HAL_Driver/Src/stm32f0xx_hal_rcc.o
 .debug_aranges
                0x000003b0       0x30 Drivers/STM32F0xx_HAL_Driver/Src/stm32f0xx_hal_rcc_ex.o
 .debug_aranges
                0x000003e0      0x1d8 Drivers/STM32F0xx_HAL_Driver/Src/stm32f0xx_hal_spi.o
 .debug_aranges
                0x000005b8      0x378 Drivers/STM32F0xx_HAL_Driver/Src/stm32f0xx_hal_tim.o
 .debug_aranges
                0x00000930      0x140 Drivers/STM32F0xx_HAL_Driver/Src/stm32f0xx_hal_tim_ex.o
 .debug_aranges
                0x00000a70      0x1d8 Drivers/STM32F0xx_HAL_Driver/Src/stm32f0xx_hal_uart.o
 .debug_aranges
                0x00000c48      0x150 Radio/nRF905/Src/nRF905.o
 .debug_aranges
                0x00000d98       0x30 Src/adc.o
 .debug_aranges
                0x00000dc8       0x20 Src/gpio.o
 .debug_aranges
                0x00000de8       0x38 Src/main.o
 .debug_aranges
                0x00000e20       0x30 Src/spi.o
 .debug_aranges
                0x00000e50       0x20 Src/stm32f0xx_hal_msp.o
 .debug_aranges
                0x00000e70       0x30 Src/stm32f0xx_hal_timebase_TIM.o
 .debug_aranges
                0x00000ea0       0x50 Src/stm32f0xx_it.o
 .debug_aranges
                0x00000ef0       0x28 Src/system_stm32f0xx.o
 .debug_aranges
                0x00000f18       0x30 Src/usart.o
 .debug_aranges
                0x00000f48       0x40 System/System.o
 .debug_aranges
                0x00000f88       0x28 startup/startup_stm32f030x6.o

.debug_ranges   0x00000000      0xf40
 .debug_ranges  0x00000000       0x40 App/App.o
 .debug_ranges  0x00000040       0xa8 Drivers/STM32F0xx_HAL_Driver/Src/stm32f0xx_hal.o
 .debug_ranges  0x000000e8       0xe8 Drivers/STM32F0xx_HAL_Driver/Src/stm32f0xx_hal_adc.o
 .debug_ranges  0x000001d0       0xb0 Drivers/STM32F0xx_HAL_Driver/Src/stm32f0xx_hal_cortex.o
 .debug_ranges  0x00000280       0x48 Drivers/STM32F0xx_HAL_Driver/Src/stm32f0xx_hal_gpio.o
 .debug_ranges  0x000002c8       0x68 Drivers/STM32F0xx_HAL_Driver/Src/stm32f0xx_hal_pwr.o
 .debug_ranges  0x00000330       0x88 Drivers/STM32F0xx_HAL_Driver/Src/stm32f0xx_hal_rcc.o
 .debug_ranges  0x000003b8       0x38 Drivers/STM32F0xx_HAL_Driver/Src/stm32f0xx_hal_rcc_ex.o
 .debug_ranges  0x000003f0      0x1c8 Drivers/STM32F0xx_HAL_Driver/Src/stm32f0xx_hal_spi.o
 .debug_ranges  0x000005b8      0x368 Drivers/STM32F0xx_HAL_Driver/Src/stm32f0xx_hal_tim.o
 .debug_ranges  0x00000920      0x130 Drivers/STM32F0xx_HAL_Driver/Src/stm32f0xx_hal_tim_ex.o
 .debug_ranges  0x00000a50      0x1c8 Drivers/STM32F0xx_HAL_Driver/Src/stm32f0xx_hal_uart.o
 .debug_ranges  0x00000c18      0x158 Radio/nRF905/Src/nRF905.o
 .debug_ranges  0x00000d70       0x20 Src/adc.o
 .debug_ranges  0x00000d90       0x10 Src/gpio.o
 .debug_ranges  0x00000da0       0x28 Src/main.o
 .debug_ranges  0x00000dc8       0x20 Src/spi.o
 .debug_ranges  0x00000de8       0x10 Src/stm32f0xx_hal_msp.o
 .debug_ranges  0x00000df8       0x20 Src/stm32f0xx_hal_timebase_TIM.o
 .debug_ranges  0x00000e18       0x40 Src/stm32f0xx_it.o
 .debug_ranges  0x00000e58       0x18 Src/system_stm32f0xx.o
 .debug_ranges  0x00000e70       0x20 Src/usart.o
 .debug_ranges  0x00000e90       0x90 System/System.o
 .debug_ranges  0x00000f20       0x20 startup/startup_stm32f030x6.o

.debug_macro    0x00000000    0x131f7
 .debug_macro   0x00000000      0x742 App/App.o
 .debug_macro   0x00000742      0xb20 App/App.o
 .debug_macro   0x00001262       0x1c App/App.o
 .debug_macro   0x0000127e       0x22 App/App.o
 .debug_macro   0x000012a0       0x87 App/App.o
 .debug_macro   0x00001327       0x51 App/App.o
 .debug_macro   0x00001378       0xef App/App.o
 .debug_macro   0x00001467       0x6a App/App.o
 .debug_macro   0x000014d1      0x1df App/App.o
 .debug_macro   0x000016b0       0x58 App/App.o
 .debug_macro   0x00001708       0x17 App/App.o
 .debug_macro   0x0000171f       0x35 App/App.o
 .debug_macro   0x00001754       0x9c App/App.o
 .debug_macro   0x000017f0       0x16 App/App.o
 .debug_macro   0x00001806       0x97 App/App.o
 .debug_macro   0x0000189d      0x353 App/App.o
 .debug_macro   0x00001bf0      0x104 App/App.o
 .debug_macro   0x00001cf4       0x10 App/App.o
 .debug_macro   0x00001d04       0x58 App/App.o
 .debug_macro   0x00001d5c       0x1f App/App.o
 .debug_macro   0x00001d7b       0x43 App/App.o
 .debug_macro   0x00001dbe       0x20 App/App.o
 .debug_macro   0x00001dde      0x18e App/App.o
 .debug_macro   0x00001f6c       0x10 App/App.o
 .debug_macro   0x00001f7c       0x1c App/App.o
 .debug_macro   0x00001f98       0x52 App/App.o
 .debug_macro   0x00001fea       0x40 App/App.o
 .debug_macro   0x0000202a       0x10 App/App.o
 .debug_macro   0x0000203a       0x40 App/App.o
 .debug_macro   0x0000207a       0xd7 App/App.o
 .debug_macro   0x00002151       0x1c App/App.o
 .debug_macro   0x0000216d       0x3d App/App.o
 .debug_macro   0x000021aa       0x16 App/App.o
 .debug_macro   0x000021c0      0x137 App/App.o
 .debug_macro   0x000022f7      0x168 App/App.o
 .debug_macro   0x0000245f       0x10 App/App.o
 .debug_macro   0x0000246f      0x3ed App/App.o
 .debug_macro   0x0000285c       0x28 App/App.o
 .debug_macro   0x00002884       0x41 App/App.o
 .debug_macro   0x000028c5       0x12 App/App.o
 .debug_macro   0x000028d7       0x20 App/App.o
 .debug_macro   0x000028f7       0x1c App/App.o
 .debug_macro   0x00002913       0x10 App/App.o
 .debug_macro   0x00002923       0x18 App/App.o
 .debug_macro   0x0000293b       0x6e App/App.o
 .debug_macro   0x000029a9       0x2e App/App.o
 .debug_macro   0x000029d7       0x19 App/App.o
 .debug_macro   0x000029f0       0x76 App/App.o
 .debug_macro   0x00002a66       0x19 App/App.o
 .debug_macro   0x00002a7f       0x22 App/App.o
 .debug_macro   0x00002aa1       0x3c App/App.o
 .debug_macro   0x00002add       0x26 App/App.o
 .debug_macro   0x00002b03      0x173 App/App.o
 .debug_macro   0x00002c76       0x17 App/App.o
 .debug_macro   0x00002c8d       0x10 App/App.o
 .debug_macro   0x00002c9d       0x35 App/App.o
 .debug_macro   0x00002cd2       0x5e App/App.o
 .debug_macro   0x00002d30       0x16 App/App.o
 .debug_macro   0x00002d46       0x4c App/App.o
 .debug_macro   0x00002d92       0x5e App/App.o
 .debug_macro   0x00002df0       0x11 App/App.o
 .debug_macro   0x00002e01       0x11 App/App.o
 .debug_macro   0x00002e12       0x2f App/App.o
 .debug_macro   0x00002e41       0x16 App/App.o
 .debug_macro   0x00002e57       0x10 App/App.o
 .debug_macro   0x00002e67       0x10 App/App.o
 .debug_macro   0x00002e77       0x16 App/App.o
 .debug_macro   0x00002e8d       0x16 App/App.o
 .debug_macro   0x00002ea3       0x29 App/App.o
 .debug_macro   0x00002ecc       0x1c App/App.o
 .debug_macro   0x00002ee8       0xde App/App.o
 .debug_macro   0x00002fc6      0x11d App/App.o
 .debug_macro   0x000030e3       0x10 App/App.o
 .debug_macro   0x000030f3      0x241 App/App.o
 .debug_macro   0x00003334       0x17 App/App.o
 .debug_macro   0x0000334b       0x70 App/App.o
 .debug_macro   0x000033bb       0xb7 App/App.o
 .debug_macro   0x00003472       0x2e App/App.o
 .debug_macro   0x000034a0       0x22 App/App.o
 .debug_macro   0x000034c2       0x3a App/App.o
 .debug_macro   0x000034fc       0x26 App/App.o
 .debug_macro   0x00003522      0x30d App/App.o
 .debug_macro   0x0000382f     0x6ed0 App/App.o
 .debug_macro   0x0000a6ff       0x3c App/App.o
 .debug_macro   0x0000a73b       0x49 App/App.o
 .debug_macro   0x0000a784      0x92f App/App.o
 .debug_macro   0x0000b0b3       0xe5 App/App.o
 .debug_macro   0x0000b198      0x13a App/App.o
 .debug_macro   0x0000b2d2       0xb3 App/App.o
 .debug_macro   0x0000b385      0x1ed App/App.o
 .debug_macro   0x0000b572       0x34 App/App.o
 .debug_macro   0x0000b5a6       0x43 App/App.o
 .debug_macro   0x0000b5e9       0x28 App/App.o
 .debug_macro   0x0000b611      0x33d App/App.o
 .debug_macro   0x0000b94e       0xbc App/App.o
 .debug_macro   0x0000ba0a       0xb6 App/App.o
 .debug_macro   0x0000bac0      0x15a App/App.o
 .debug_macro   0x0000bc1a      0x202 App/App.o
 .debug_macro   0x0000be1c       0x61 App/App.o
 .debug_macro   0x0000be7d       0x90 App/App.o
 .debug_macro   0x0000bf0d       0x4d App/App.o
 .debug_macro   0x0000bf5a       0x2d App/App.o
 .debug_macro   0x0000bf87      0x2f0 App/App.o
 .debug_macro   0x0000c277      0x845 App/App.o
 .debug_macro   0x0000cabc       0x45 App/App.o
 .debug_macro   0x0000cb01      0x37c App/App.o
 .debug_macro   0x0000ce7d      0x156 App/App.o
 .debug_macro   0x0000cfd3       0xea App/App.o
 .debug_macro   0x0000d0bd      0x12e App/App.o
 .debug_macro   0x0000d1eb       0x2e App/App.o
 .debug_macro   0x0000d219      0x1de App/App.o
 .debug_macro   0x0000d3f7      0x361 Drivers/STM32F0xx_HAL_Driver/Src/stm32f0xx_hal.o
 .debug_macro   0x0000d758      0xa4e Drivers/STM32F0xx_HAL_Driver/Src/stm32f0xx_hal.o
 .debug_macro   0x0000e1a6       0x34 Drivers/STM32F0xx_HAL_Driver/Src/stm32f0xx_hal.o
 .debug_macro   0x0000e1da      0x30d Drivers/STM32F0xx_HAL_Driver/Src/stm32f0xx_hal.o
 .debug_macro   0x0000e4e7       0x9c Drivers/STM32F0xx_HAL_Driver/Src/stm32f0xx_hal.o
 .debug_macro   0x0000e583       0x97 Drivers/STM32F0xx_HAL_Driver/Src/stm32f0xx_hal.o
 .debug_macro   0x0000e61a      0x330 Drivers/STM32F0xx_HAL_Driver/Src/stm32f0xx_hal.o
 .debug_macro   0x0000e94a       0xfd Drivers/STM32F0xx_HAL_Driver/Src/stm32f0xx_hal.o
 .debug_macro   0x0000ea47       0x43 Drivers/STM32F0xx_HAL_Driver/Src/stm32f0xx_hal.o
 .debug_macro   0x0000ea8a      0x16f Drivers/STM32F0xx_HAL_Driver/Src/stm32f0xx_hal.o
 .debug_macro   0x0000ebf9      0x361 Drivers/STM32F0xx_HAL_Driver/Src/stm32f0xx_hal_adc.o
 .debug_macro   0x0000ef5a      0x33d Drivers/STM32F0xx_HAL_Driver/Src/stm32f0xx_hal_cortex.o
 .debug_macro   0x0000f297      0x375 Drivers/STM32F0xx_HAL_Driver/Src/stm32f0xx_hal_gpio.o
 .debug_macro   0x0000f60c      0x33d Drivers/STM32F0xx_HAL_Driver/Src/stm32f0xx_hal_pwr.o
 .debug_macro   0x0000f949      0x34f Drivers/STM32F0xx_HAL_Driver/Src/stm32f0xx_hal_rcc.o
 .debug_macro   0x0000fc98      0x33d Drivers/STM32F0xx_HAL_Driver/Src/stm32f0xx_hal_rcc_ex.o
 .debug_macro   0x0000ffd5      0x345 Drivers/STM32F0xx_HAL_Driver/Src/stm32f0xx_hal_spi.o
 .debug_macro   0x0001031a      0x33d Drivers/STM32F0xx_HAL_Driver/Src/stm32f0xx_hal_tim.o
 .debug_macro   0x00010657      0x33d Drivers/STM32F0xx_HAL_Driver/Src/stm32f0xx_hal_tim_ex.o
 .debug_macro   0x00010994      0x345 Drivers/STM32F0xx_HAL_Driver/Src/stm32f0xx_hal_uart.o
 .debug_macro   0x00010cd9      0x362 Radio/nRF905/Src/nRF905.o
 .debug_macro   0x0001103b      0x347 Src/adc.o
 .debug_macro   0x00011382      0x347 Src/gpio.o
 .debug_macro   0x000116c9      0x373 Src/main.o
 .debug_macro   0x00011a3c      0x351 Src/spi.o
 .debug_macro   0x00011d8d      0x33d Src/stm32f0xx_hal_msp.o
 .debug_macro   0x000120ca      0x33d Src/stm32f0xx_hal_timebase_TIM.o
 .debug_macro   0x00012407      0x347 Src/stm32f0xx_it.o
 .debug_macro   0x0001274e      0x33d Src/system_stm32f0xx.o
 .debug_macro   0x00012a8b      0x351 Src/usart.o
 .debug_macro   0x00012ddc      0x3cf System/System.o
 .debug_macro   0x000131ab       0x4c System/System.o

.debug_line     0x00000000    0x106cb
 .debug_line    0x00000000     0x11e6 App/App.o
 .debug_line    0x000011e6      0x986 Drivers/STM32F0xx_HAL_Driver/Src/stm32f0xx_hal.o
 .debug_line    0x00001b6c      0xd61 Drivers/STM32F0xx_HAL_Driver/Src/stm32f0xx_hal_adc.o
 .debug_line    0x000028cd      0x97f Drivers/STM32F0xx_HAL_Driver/Src/stm32f0xx_hal_cortex.o
 .debug_line    0x0000324c      0x963 Drivers/STM32F0xx_HAL_Driver/Src/stm32f0xx_hal_gpio.o
 .debug_line    0x00003baf      0x921 Drivers/STM32F0xx_HAL_Driver/Src/stm32f0xx_hal_pwr.o
 .debug_line    0x000044d0      0xa98 Drivers/STM32F0xx_HAL_Driver/Src/stm32f0xx_hal_rcc.o
 .debug_line    0x00004f68      0x8f5 Drivers/STM32F0xx_HAL_Driver/Src/stm32f0xx_hal_rcc_ex.o
 .debug_line    0x0000585d     0x134c Drivers/STM32F0xx_HAL_Driver/Src/stm32f0xx_hal_spi.o
 .debug_line    0x00006ba9     0x18f6 Drivers/STM32F0xx_HAL_Driver/Src/stm32f0xx_hal_tim.o
 .debug_line    0x0000849f      0xdd4 Drivers/STM32F0xx_HAL_Driver/Src/stm32f0xx_hal_tim_ex.o
 .debug_line    0x00009273     0x11c4 Drivers/STM32F0xx_HAL_Driver/Src/stm32f0xx_hal_uart.o
 .debug_line    0x0000a437      0xc00 Radio/nRF905/Src/nRF905.o
 .debug_line    0x0000b037      0x848 Src/adc.o
 .debug_line    0x0000b87f      0x828 Src/gpio.o
 .debug_line    0x0000c0a7      0x8bd Src/main.o
 .debug_line    0x0000c964      0x854 Src/spi.o
 .debug_line    0x0000d1b8      0x80c Src/stm32f0xx_hal_msp.o
 .debug_line    0x0000d9c4      0x843 Src/stm32f0xx_hal_timebase_TIM.o
 .debug_line    0x0000e207      0x87d Src/stm32f0xx_it.o
 .debug_line    0x0000ea84      0x83f Src/system_stm32f0xx.o
 .debug_line    0x0000f2c3      0x854 Src/usart.o
 .debug_line    0x0000fb17      0xb31 System/System.o
 .debug_line    0x00010648       0x83 startup/startup_stm32f030x6.o

.debug_str      0x00000000    0x57e90
 .debug_str     0x00000000    0x53e9e App/App.o
                              0x54720 (size before relaxing)
 .debug_str     0x00053e9e      0x81c Drivers/STM32F0xx_HAL_Driver/Src/stm32f0xx_hal.o
                              0x49a91 (size before relaxing)
 .debug_str     0x000546ba      0x39f Drivers/STM32F0xx_HAL_Driver/Src/stm32f0xx_hal_adc.o
                              0x49ccb (size before relaxing)
 .debug_str     0x00054a59      0x1b3 Drivers/STM32F0xx_HAL_Driver/Src/stm32f0xx_hal_cortex.o
                              0x4993f (size before relaxing)
 .debug_str     0x00054c0c      0x221 Drivers/STM32F0xx_HAL_Driver/Src/stm32f0xx_hal_gpio.o
                              0x49866 (size before relaxing)
 .debug_str     0x00054e2d      0x19f Drivers/STM32F0xx_HAL_Driver/Src/stm32f0xx_hal_pwr.o
                              0x4973f (size before relaxing)
 .debug_str     0x00054fcc      0x2e1 Drivers/STM32F0xx_HAL_Driver/Src/stm32f0xx_hal_rcc.o
                              0x499ca (size before relaxing)
 .debug_str     0x000552ad      0x127 Drivers/STM32F0xx_HAL_Driver/Src/stm32f0xx_hal_rcc_ex.o
                              0x49739 (size before relaxing)
 .debug_str     0x000553d4      0x56d Drivers/STM32F0xx_HAL_Driver/Src/stm32f0xx_hal_spi.o
                              0x49ef9 (size before relaxing)
 .debug_str     0x00055941      0xf42 Drivers/STM32F0xx_HAL_Driver/Src/stm32f0xx_hal_tim.o
                              0x4a714 (size before relaxing)
 .debug_str     0x00056883      0x50d Drivers/STM32F0xx_HAL_Driver/Src/stm32f0xx_hal_tim_ex.o
                              0x49f86 (size before relaxing)
 .debug_str     0x00056d90      0x818 Drivers/STM32F0xx_HAL_Driver/Src/stm32f0xx_hal_uart.o
                              0x4a160 (size before relaxing)
 .debug_str     0x000575a8      0x354 Radio/nRF905/Src/nRF905.o
                              0x4b04b (size before relaxing)
 .debug_str     0x000578fc       0x32 Src/adc.o
                              0x4998d (size before relaxing)
 .debug_str     0x0005792e       0x2b Src/gpio.o
                              0x497c2 (size before relaxing)
 .debug_str     0x00057959       0x59 Src/main.o
                              0x4a2db (size before relaxing)
 .debug_str     0x000579b2       0x17 Src/spi.o
                              0x49a6f (size before relaxing)
 .debug_str     0x000579c9       0x1b Src/stm32f0xx_hal_msp.o
                              0x496f4 (size before relaxing)
 .debug_str     0x000579e4       0x61 Src/stm32f0xx_hal_timebase_TIM.o
                              0x49c09 (size before relaxing)
 .debug_str     0x00057a45       0xa4 Src/stm32f0xx_it.o
                              0x499c5 (size before relaxing)
 .debug_str     0x00057ae9       0x5a Src/system_stm32f0xx.o
                              0x495bf (size before relaxing)
 .debug_str     0x00057b43       0x1a Src/usart.o
                              0x49b0f (size before relaxing)
 .debug_str     0x00057b5d      0x303 System/System.o
                              0x4d463 (size before relaxing)
 .debug_str     0x00057e60       0x30 startup/startup_stm32f030x6.o
                                 0x6e (size before relaxing)

.comment        0x00000000       0x7e
 .comment       0x00000000       0x7e App/App.o
                                 0x7f (size before relaxing)
 .comment       0x0000007e       0x7f Drivers/STM32F0xx_HAL_Driver/Src/stm32f0xx_hal.o
 .comment       0x0000007e       0x7f Drivers/STM32F0xx_HAL_Driver/Src/stm32f0xx_hal_adc.o
 .comment       0x0000007e       0x7f Drivers/STM32F0xx_HAL_Driver/Src/stm32f0xx_hal_cortex.o
 .comment       0x0000007e       0x7f Drivers/STM32F0xx_HAL_Driver/Src/stm32f0xx_hal_gpio.o
 .comment       0x0000007e       0x7f Drivers/STM32F0xx_HAL_Driver/Src/stm32f0xx_hal_pwr.o
 .comment       0x0000007e       0x7f Drivers/STM32F0xx_HAL_Driver/Src/stm32f0xx_hal_rcc.o
 .comment       0x0000007e       0x7f Drivers/STM32F0xx_HAL_Driver/Src/stm32f0xx_hal_rcc_ex.o
 .comment       0x0000007e       0x7f Drivers/STM32F0xx_HAL_Driver/Src/stm32f0xx_hal_spi.o
 .comment       0x0000007e       0x7f Drivers/STM32F0xx_HAL_Driver/Src/stm32f0xx_hal_tim.o
 .comment       0x0000007e       0x7f Drivers/STM32F0xx_HAL_Driver/Src/stm32f0xx_hal_tim_ex.o
 .comment       0x0000007e       0x7f Drivers/STM32F0xx_HAL_Driver/Src/stm32f0xx_hal_uart.o
 .comment       0x0000007e       0x7f Radio/nRF905/Src/nRF905.o
 .comment       0x0000007e       0x7f Src/adc.o
 .comment       0x0000007e       0x7f Src/gpio.o
 .comment       0x0000007e       0x7f Src/main.o
 .comment       0x0000007e       0x7f Src/spi.o
 .comment       0x0000007e       0x7f Src/stm32f0xx_hal_msp.o
 .comment       0x0000007e       0x7f Src/stm32f0xx_hal_timebase_TIM.o
 .comment       0x0000007e       0x7f Src/stm32f0xx_it.o
 .comment       0x0000007e       0x7f Src/system_stm32f0xx.o
 .comment       0x0000007e       0x7f Src/usart.o
 .comment       0x0000007e       0x7f System/System.o

.debug_frame    0x00000000     0x2b04
 .debug_frame   0x00000000       0x74 App/App.o
 .debug_frame   0x00000074      0x174 Drivers/STM32F0xx_HAL_Driver/Src/stm32f0xx_hal.o
 .debug_frame   0x000001e8      0x2a0 Drivers/STM32F0xx_HAL_Driver/Src/stm32f0xx_hal_adc.o
 .debug_frame   0x00000488       0xe4 Drivers/STM32F0xx_HAL_Driver/Src/stm32f0xx_hal_cortex.o
 .debug_frame   0x0000056c       0xcc Drivers/STM32F0xx_HAL_Driver/Src/stm32f0xx_hal_gpio.o
 .debug_frame   0x00000638       0xd8 Drivers/STM32F0xx_HAL_Driver/Src/stm32f0xx_hal_pwr.o
 .debug_frame   0x00000710      0x130 Drivers/STM32F0xx_HAL_Driver/Src/stm32f0xx_hal_rcc.o
 .debug_frame   0x00000840       0x58 Drivers/STM32F0xx_HAL_Driver/Src/stm32f0xx_hal_rcc_ex.o
 .debug_frame   0x00000898      0x574 Drivers/STM32F0xx_HAL_Driver/Src/stm32f0xx_hal_spi.o
 .debug_frame   0x00000e0c      0x9cc Drivers/STM32F0xx_HAL_Driver/Src/stm32f0xx_hal_tim.o
 .debug_frame   0x000017d8      0x384 Drivers/STM32F0xx_HAL_Driver/Src/stm32f0xx_hal_tim_ex.o
 .debug_frame   0x00001b5c      0x4f0 Drivers/STM32F0xx_HAL_Driver/Src/stm32f0xx_hal_uart.o
 .debug_frame   0x0000204c      0x3dc Radio/nRF905/Src/nRF905.o
 .debug_frame   0x00002428       0x4c Src/adc.o
 .debug_frame   0x00002474       0x30 Src/gpio.o
 .debug_frame   0x000024a4       0x68 Src/main.o
 .debug_frame   0x0000250c       0x58 Src/spi.o
 .debug_frame   0x00002564       0x28 Src/stm32f0xx_hal_msp.o
 .debug_frame   0x0000258c       0x48 Src/stm32f0xx_hal_timebase_TIM.o
 .debug_frame   0x000025d4       0x98 Src/stm32f0xx_it.o
 .debug_frame   0x0000266c       0x38 Src/system_stm32f0xx.o
 .debug_frame   0x000026a4       0x58 Src/usart.o
 .debug_frame   0x000026fc       0xb0 System/System.o
 .debug_frame   0x000027ac       0x20 e:/ac6/systemworkbench/plugins/fr.ac6.mcu.externaltools.arm-none.win32_1.16.0.201807130628/tools/compiler/bin/../lib/gcc/arm-none-eabi/7.2.1/thumb/v6-m\libgcc.a(_udivsi3.o)
 .debug_frame   0x000027cc       0x2c e:/ac6/systemworkbench/plugins/fr.ac6.mcu.externaltools.arm-none.win32_1.16.0.201807130628/tools/compiler/bin/../lib/gcc/arm-none-eabi/7.2.1/../../../../arm-none-eabi/lib/thumb/v6-m\libc_nano.a(lib_a-init.o)
 .debug_frame   0x000027f8       0x20 e:/ac6/systemworkbench/plugins/fr.ac6.mcu.externaltools.arm-none.win32_1.16.0.201807130628/tools/compiler/bin/../lib/gcc/arm-none-eabi/7.2.1/../../../../arm-none-eabi/lib/thumb/v6-m\libc_nano.a(lib_a-memset.o)
 .debug_frame   0x00002818       0x48 e:/ac6/systemworkbench/plugins/fr.ac6.mcu.externaltools.arm-none.win32_1.16.0.201807130628/tools/compiler/bin/../lib/gcc/arm-none-eabi/7.2.1/../../../../arm-none-eabi/lib/thumb/v6-m\libc_nano.a(lib_a-vsnprintf.o)
 .debug_frame   0x00002860       0x74 e:/ac6/systemworkbench/plugins/fr.ac6.mcu.externaltools.arm-none.win32_1.16.0.201807130628/tools/compiler/bin/../lib/gcc/arm-none-eabi/7.2.1/../../../../arm-none-eabi/lib/thumb/v6-m\libc_nano.a(lib_a-nano-svfprintf.o)
 .debug_frame   0x000028d4       0x54 e:/ac6/systemworkbench/plugins/fr.ac6.mcu.externaltools.arm-none.win32_1.16.0.201807130628/tools/compiler/bin/../lib/gcc/arm-none-eabi/7.2.1/../../../../arm-none-eabi/lib/thumb/v6-m\libc_nano.a(lib_a-nano-vfprintf_i.o)
 .debug_frame   0x00002928       0x20 e:/ac6/systemworkbench/plugins/fr.ac6.mcu.externaltools.arm-none.win32_1.16.0.201807130628/tools/compiler/bin/../lib/gcc/arm-none-eabi/7.2.1/../../../../arm-none-eabi/lib/thumb/v6-m\libc_nano.a(lib_a-memchr-stub.o)
 .debug_frame   0x00002948       0x28 e:/ac6/systemworkbench/plugins/fr.ac6.mcu.externaltools.arm-none.win32_1.16.0.201807130628/tools/compiler/bin/../lib/gcc/arm-none-eabi/7.2.1/../../../../arm-none-eabi/lib/thumb/v6-m\libc_nano.a(lib_a-memcpy-stub.o)
 .debug_frame   0x00002970       0x28 e:/ac6/systemworkbench/plugins/fr.ac6.mcu.externaltools.arm-none.win32_1.16.0.201807130628/tools/compiler/bin/../lib/gcc/arm-none-eabi/7.2.1/../../../../arm-none-eabi/lib/thumb/v6-m\libc_nano.a(lib_a-memmove.o)
 .debug_frame   0x00002998       0x2c e:/ac6/systemworkbench/plugins/fr.ac6.mcu.externaltools.arm-none.win32_1.16.0.201807130628/tools/compiler/bin/../lib/gcc/arm-none-eabi/7.2.1/../../../../arm-none-eabi/lib/thumb/v6-m\libc_nano.a(lib_a-nano-freer.o)
 .debug_frame   0x000029c4       0x2c e:/ac6/systemworkbench/plugins/fr.ac6.mcu.externaltools.arm-none.win32_1.16.0.201807130628/tools/compiler/bin/../lib/gcc/arm-none-eabi/7.2.1/../../../../arm-none-eabi/lib/thumb/v6-m\libc_nano.a(lib_a-nano-mallocr.o)
 .debug_frame   0x000029f0       0x30 e:/ac6/systemworkbench/plugins/fr.ac6.mcu.externaltools.arm-none.win32_1.16.0.201807130628/tools/compiler/bin/../lib/gcc/arm-none-eabi/7.2.1/../../../../arm-none-eabi/lib/thumb/v6-m\libc_nano.a(lib_a-nano-reallocr.o)
 .debug_frame   0x00002a20       0x2c e:/ac6/systemworkbench/plugins/fr.ac6.mcu.externaltools.arm-none.win32_1.16.0.201807130628/tools/compiler/bin/../lib/gcc/arm-none-eabi/7.2.1/../../../../arm-none-eabi/lib/thumb/v6-m\libc_nano.a(lib_a-sbrkr.o)
 .debug_frame   0x00002a4c       0x30 e:/ac6/systemworkbench/plugins/fr.ac6.mcu.externaltools.arm-none.win32_1.16.0.201807130628/tools/compiler/bin/../lib/gcc/arm-none-eabi/7.2.1/../../../../arm-none-eabi/lib/thumb/v6-m\libc_nano.a(lib_a-mlock.o)
 .debug_frame   0x00002a7c       0x20 e:/ac6/systemworkbench/plugins/fr.ac6.mcu.externaltools.arm-none.win32_1.16.0.201807130628/tools/compiler/bin/../lib/gcc/arm-none-eabi/7.2.1/../../../../arm-none-eabi/lib/thumb/v6-m\libc_nano.a(lib_a-nano-msizer.o)
 .debug_frame   0x00002a9c       0x48 e:/ac6/systemworkbench/plugins/fr.ac6.mcu.externaltools.arm-none.win32_1.16.0.201807130628/tools/compiler/bin/../lib/gcc/arm-none-eabi/7.2.1/../../../../arm-none-eabi/lib/thumb/v6-m\libc_nano.a(lib_a-reent.o)
 .debug_frame   0x00002ae4       0x20 e:/ac6/systemworkbench/plugins/fr.ac6.mcu.externaltools.arm-none.win32_1.16.0.201807130628/tools/compiler/bin/../lib/gcc/arm-none-eabi/7.2.1/../../../../arm-none-eabi/lib/thumb/v6-m\libnosys.a(sbrk.o)
